Archive member included to satisfy reference by file (symbol)

c:/program files (x86)/atmel/studio/7.0/toolchain/arm/arm-gnu-toolchain/bin/../lib/gcc/arm-none-eabi/6.3.1/../../../../arm-none-eabi/lib/thumb/v7e-m\libc.a(lib_a-exit.o)
                              c:/program files (x86)/atmel/studio/7.0/toolchain/arm/arm-gnu-toolchain/bin/../lib/gcc/arm-none-eabi/6.3.1/../../../../arm-none-eabi/lib/thumb/v7e-m/crt0.o (exit)
c:/program files (x86)/atmel/studio/7.0/toolchain/arm/arm-gnu-toolchain/bin/../lib/gcc/arm-none-eabi/6.3.1/../../../../arm-none-eabi/lib/thumb/v7e-m\libc.a(lib_a-impure.o)
                              c:/program files (x86)/atmel/studio/7.0/toolchain/arm/arm-gnu-toolchain/bin/../lib/gcc/arm-none-eabi/6.3.1/../../../../arm-none-eabi/lib/thumb/v7e-m\libc.a(lib_a-exit.o) (_global_impure_ptr)
c:/program files (x86)/atmel/studio/7.0/toolchain/arm/arm-gnu-toolchain/bin/../lib/gcc/arm-none-eabi/6.3.1/../../../../arm-none-eabi/lib/thumb/v7e-m\libc.a(lib_a-init.o)
                              c:/program files (x86)/atmel/studio/7.0/toolchain/arm/arm-gnu-toolchain/bin/../lib/gcc/arm-none-eabi/6.3.1/../../../../arm-none-eabi/lib/thumb/v7e-m/crt0.o (__libc_init_array)
c:/program files (x86)/atmel/studio/7.0/toolchain/arm/arm-gnu-toolchain/bin/../lib/gcc/arm-none-eabi/6.3.1/../../../../arm-none-eabi/lib/thumb/v7e-m\libc.a(lib_a-memset.o)
                              c:/program files (x86)/atmel/studio/7.0/toolchain/arm/arm-gnu-toolchain/bin/../lib/gcc/arm-none-eabi/6.3.1/../../../../arm-none-eabi/lib/thumb/v7e-m/crt0.o (memset)
c:/program files (x86)/atmel/studio/7.0/toolchain/arm/arm-gnu-toolchain/bin/../lib/gcc/arm-none-eabi/6.3.1/../../../../arm-none-eabi/lib/thumb/v7e-m\libc.a(lib_a-printf.o)
                              src/main.o (printf)
c:/program files (x86)/atmel/studio/7.0/toolchain/arm/arm-gnu-toolchain/bin/../lib/gcc/arm-none-eabi/6.3.1/../../../../arm-none-eabi/lib/thumb/v7e-m\libc.a(lib_a-puts.o)
                              src/main.o (puts)
c:/program files (x86)/atmel/studio/7.0/toolchain/arm/arm-gnu-toolchain/bin/../lib/gcc/arm-none-eabi/6.3.1/../../../../arm-none-eabi/lib/thumb/v7e-m\libc.a(lib_a-setbuf.o)
                              src/main.o (setbuf)
c:/program files (x86)/atmel/studio/7.0/toolchain/arm/arm-gnu-toolchain/bin/../lib/gcc/arm-none-eabi/6.3.1/../../../../arm-none-eabi/lib/thumb/v7e-m\libc.a(lib_a-setvbuf.o)
                              c:/program files (x86)/atmel/studio/7.0/toolchain/arm/arm-gnu-toolchain/bin/../lib/gcc/arm-none-eabi/6.3.1/../../../../arm-none-eabi/lib/thumb/v7e-m\libc.a(lib_a-setbuf.o) (setvbuf)
c:/program files (x86)/atmel/studio/7.0/toolchain/arm/arm-gnu-toolchain/bin/../lib/gcc/arm-none-eabi/6.3.1/../../../../arm-none-eabi/lib/thumb/v7e-m\libc.a(lib_a-strlen.o)
                              c:/program files (x86)/atmel/studio/7.0/toolchain/arm/arm-gnu-toolchain/bin/../lib/gcc/arm-none-eabi/6.3.1/../../../../arm-none-eabi/lib/thumb/v7e-m\libc.a(lib_a-puts.o) (strlen)
c:/program files (x86)/atmel/studio/7.0/toolchain/arm/arm-gnu-toolchain/bin/../lib/gcc/arm-none-eabi/6.3.1/../../../../arm-none-eabi/lib/thumb/v7e-m\libc.a(lib_a-vfprintf.o)
                              c:/program files (x86)/atmel/studio/7.0/toolchain/arm/arm-gnu-toolchain/bin/../lib/gcc/arm-none-eabi/6.3.1/../../../../arm-none-eabi/lib/thumb/v7e-m\libc.a(lib_a-printf.o) (_vfprintf_r)
c:/program files (x86)/atmel/studio/7.0/toolchain/arm/arm-gnu-toolchain/bin/../lib/gcc/arm-none-eabi/6.3.1/../../../../arm-none-eabi/lib/thumb/v7e-m\libc.a(lib_a-wsetup.o)
                              c:/program files (x86)/atmel/studio/7.0/toolchain/arm/arm-gnu-toolchain/bin/../lib/gcc/arm-none-eabi/6.3.1/../../../../arm-none-eabi/lib/thumb/v7e-m\libc.a(lib_a-vfprintf.o) (__swsetup_r)
c:/program files (x86)/atmel/studio/7.0/toolchain/arm/arm-gnu-toolchain/bin/../lib/gcc/arm-none-eabi/6.3.1/../../../../arm-none-eabi/lib/thumb/v7e-m\libc.a(lib_a-__call_atexit.o)
                              c:/program files (x86)/atmel/studio/7.0/toolchain/arm/arm-gnu-toolchain/bin/../lib/gcc/arm-none-eabi/6.3.1/../../../../arm-none-eabi/lib/thumb/v7e-m\libc.a(lib_a-exit.o) (__call_exitprocs)
c:/program files (x86)/atmel/studio/7.0/toolchain/arm/arm-gnu-toolchain/bin/../lib/gcc/arm-none-eabi/6.3.1/../../../../arm-none-eabi/lib/thumb/v7e-m\libc.a(lib_a-atexit.o)
                              c:/program files (x86)/atmel/studio/7.0/toolchain/arm/arm-gnu-toolchain/bin/../lib/gcc/arm-none-eabi/6.3.1/../../../../arm-none-eabi/lib/thumb/v7e-m\libc.a(lib_a-__call_atexit.o) (atexit)
c:/program files (x86)/atmel/studio/7.0/toolchain/arm/arm-gnu-toolchain/bin/../lib/gcc/arm-none-eabi/6.3.1/../../../../arm-none-eabi/lib/thumb/v7e-m\libc.a(lib_a-dtoa.o)
                              c:/program files (x86)/atmel/studio/7.0/toolchain/arm/arm-gnu-toolchain/bin/../lib/gcc/arm-none-eabi/6.3.1/../../../../arm-none-eabi/lib/thumb/v7e-m\libc.a(lib_a-vfprintf.o) (_dtoa_r)
[...]
Memory Configuration

Name             Origin             Length             Attributes
rom              0x00400000         0x00200000         xr
ram              0x20400000         0x00060000         xrw
*default*        0x00000000         0xffffffff

Linker script and memory map

LOAD c:/program files (x86)/atmel/studio/7.0/toolchain/arm/arm-gnu-toolchain/bin/../lib/gcc/arm-none-eabi/6.3.1/thumb/v7e-m/crti.o
LOAD c:/program files (x86)/atmel/studio/7.0/toolchain/arm/arm-gnu-toolchain/bin/../lib/gcc/arm-none-eabi/6.3.1/thumb/v7e-m/crtbegin.o
LOAD c:/program files (x86)/atmel/studio/7.0/toolchain/arm/arm-gnu-toolchain/bin/../lib/gcc/arm-none-eabi/6.3.1/../../../../arm-none-eabi/lib/thumb/v7e-m/crt0.o
LOAD src/ASF/sam/drivers/rtt/rtt.o
LOAD src/ASF/common/services/clock/same70/sysclk.o
LOAD src/ASF/common/services/delay/sam/cycle_counter.o
LOAD src/ASF/common/services/serial/usart_serial.o
LOAD src/ASF/common/services/sleepmgr/sam/sleepmgr.o
LOAD src/ASF/common/utils/interrupt/interrupt_sam_nvic.o
LOAD src/ASF/common/utils/stdio/read.o
LOAD src/ASF/common/utils/stdio/write.o
LOAD src/ASF/sam/boards/same70_xplained/init.o
LOAD src/ASF/sam/drivers/matrix/matrix.o
LOAD src/ASF/sam/drivers/mpu/mpu.o
LOAD src/ASF/sam/drivers/pio/pio.o
LOAD src/ASF/sam/drivers/pio/pio_handler.o
LOAD src/ASF/sam/drivers/pmc/pmc.o
LOAD src/ASF/sam/drivers/pmc/sleep.o
LOAD src/ASF/sam/drivers/rtc/rtc.o
LOAD src/ASF/sam/drivers/tc/tc.o
LOAD src/ASF/sam/drivers/twihs/twihs.o
LOAD src/ASF/sam/drivers/uart/uart.o
LOAD src/ASF/sam/drivers/usart/usart.o
LOAD src/ASF/sam/drivers/xdmac/xdmac.o
LOAD src/ASF/sam/utils/cmsis/same70/source/templates/gcc/startup_same70.o
LOAD src/ASF/sam/utils/cmsis/same70/source/templates/system_same70.o
LOAD src/ASF/sam/utils/syscalls/gcc/syscalls.o
LOAD src/main.o
START GROUP
LOAD ../src/ASF/thirdparty/CMSIS/Lib/GCC\libarm_cortexM7lfsp_math_softfp.a
LOAD c:/program files (x86)/atmel/studio/7.0/toolchain/arm/arm-gnu-toolchain/bin/../lib/gcc/arm-none-eabi/6.3.1/../../../../arm-none-eabi/lib/thumb/v7e-m\libm.a
END GROUP
START GROUP
LOAD c:/program files (x86)/atmel/studio/7.0/toolchain/arm/arm-gnu-toolchain/bin/../lib/gcc/arm-none-eabi/6.3.1/thumb/v7e-m\libgcc.a
LOAD c:/program files (x86)/atmel/studio/7.0/toolchain/arm/arm-gnu-toolchain/bin/../lib/gcc/arm-none-eabi/6.3.1/../../../../arm-none-eabi/lib/thumb/v7e-m\libc.a
END GROUP
LOAD c:/program files (x86)/atmel/studio/7.0/toolchain/arm/arm-gnu-toolchain/bin/../lib/gcc/arm-none-eabi/6.3.1/thumb/v7e-m/crtend.o
LOAD c:/program files (x86)/atmel/studio/7.0/toolchain/arm/arm-gnu-toolchain/bin/../lib/gcc/arm-none-eabi/6.3.1/thumb/v7e-m/crtn.o
                0x00002000                STACK_SIZE = DEFINED (STACK_SIZE)?STACK_SIZE:0x2000
                0x2045fffc                __ram_end__ = ((ORIGIN (ram) + LENGTH (ram)) - 0x4)
                0x00000200                HEAP_SIZE = DEFINED (HEAP_SIZE)?HEAP_SIZE:0x200

.text           0x00400000     0x7dc4
                0x00400000                . = ALIGN (0x4)
                0x00400000                _sfixed = .
 *(.vectors .vectors.*)
 .vectors       0x00400000      0x140 src/ASF/sam/utils/cmsis/same70/source/templates/gcc/startup_same70.o
                0x00400000                exception_table
 *(.text .text.* .gnu.linkonce.t.*)
 .text          0x00400140       0x6c c:/program files (x86)/atmel/studio/7.0/toolchain/arm/arm-gnu-toolchain/bin/../lib/gcc/arm-none-eabi/6.3.1/thumb/v7e-m/crtbegin.o
 .text.osc_enable
                0x004001ac       0x88 src/ASF/common/services/clock/same70/sysclk.o
 .text.osc_is_ready
                0x00400234       0x70 src/ASF/common/services/clock/same70/sysclk.o
 .text.osc_get_rate
                0x004002a4       0x74 src/ASF/common/services/clock/same70/sysclk.o
 .text.osc_wait_ready
                0x00400318       0x2c src/ASF/common/services/clock/same70/sysclk.o
 .text.pll_config_init
                0x00400344       0x6c src/ASF/common/services/clock/same70/sysclk.o
 .text.pll_enable
                0x004003b0       0x40 src/ASF/common/services/clock/same70/sysclk.o
 .text.pll_is_locked
                0x004003f0       0x2c src/ASF/common/services/clock/same70/sysclk.o
 .text.pll_enable_source
                0x0040041c       0x38 src/ASF/common/services/clock/same70/sysclk.o
 .text.pll_wait_for_lock
                0x00400454       0x24 src/ASF/common/services/clock/same70/sysclk.o
 .text.sysclk_get_main_hz
                0x00400478       0x20 src/ASF/common/services/clock/same70/sysclk.o
 .text.sysclk_get_cpu_hz
                0x00400498       0x14 src/ASF/common/services/clock/same70/sysclk.o
 .text.sysclk_init
                0x004004ac       0x7c src/ASF/common/services/clock/same70/sysclk.o
                0x004004ac                sysclk_init
 .text._read    0x00400528       0x54 src/ASF/common/utils/stdio/read.o
                0x00400528                _read
 .text._write   0x0040057c       0x6c src/ASF/common/utils/stdio/write.o
                0x0040057c                _write
 .text.SCB_EnableICache
                0x004005e8       0x38 src/ASF/sam/boards/same70_xplained/init.o
 .text.SCB_EnableDCache
                0x00400620       0xa4 src/ASF/sam/boards/same70_xplained/init.o
 .text.sysclk_enable_peripheral_clock
                0x004006c4       0x1c src/ASF/sam/boards/same70_xplained/init.o
 .text.ioport_init
                0x004006e0       0x2c src/ASF/sam/boards/same70_xplained/init.o
 .text.ioport_disable_pin
                0x0040070c       0x4c src/ASF/sam/boards/same70_xplained/init.o
 .text.ioport_set_pin_mode
                0x00400758      0x11c src/ASF/sam/boards/same70_xplained/init.o
 .text.ioport_set_pin_dir
                0x00400874       0x88 src/ASF/sam/boards/same70_xplained/init.o
 .text.ioport_set_pin_level
                0x004008fc       0x6c src/ASF/sam/boards/same70_xplained/init.o
 .text.ioport_set_pin_sense_mode
                0x00400968       0xd0 src/ASF/sam/boards/same70_xplained/init.o
 .text.tcm_disable
                0x00400a38       0x44 src/ASF/sam/boards/same70_xplained/init.o
 .text.board_init
                0x00400a7c       0xd4 src/ASF/sam/boards/same70_xplained/init.o
                0x00400a7c                board_init
 .text.pio_set_peripheral
                0x00400b50      0x110 src/ASF/sam/drivers/pio/pio.o
                0x00400b50                pio_set_peripheral
 .text.pio_get_interrupt_status
                0x00400c60       0x18 src/ASF/sam/drivers/pio/pio.o
                0x00400c60                pio_get_interrupt_status
 .text.pio_get_interrupt_mask
                0x00400c78       0x18 src/ASF/sam/drivers/pio/pio.o
                0x00400c78                pio_get_interrupt_mask
 .text.pio_handler_process
                0x00400c90       0xb4 src/ASF/sam/drivers/pio/pio_handler.o
                0x00400c90                pio_handler_process
 .text.PIOA_Handler
                0x00400d44       0x18 src/ASF/sam/drivers/pio/pio_handler.o
                0x00400d44                PIOA_Handler
 .text.PIOB_Handler
                0x00400d5c       0x18 src/ASF/sam/drivers/pio/pio_handler.o
                0x00400d5c                PIOB_Handler
 .text.PIOC_Handler
                0x00400d74       0x18 src/ASF/sam/drivers/pio/pio_handler.o
                0x00400d74                PIOC_Handler
 .text.PIOD_Handler
                0x00400d8c       0x18 src/ASF/sam/drivers/pio/pio_handler.o
                0x00400d8c                PIOD_Handler
 .text.PIOE_Handler
                0x00400da4       0x18 src/ASF/sam/drivers/pio/pio_handler.o
                0x00400da4                PIOE_Handler
 .text.pmc_mck_set_division
                0x00400dbc       0x7c src/ASF/sam/drivers/pmc/pmc.o
                0x00400dbc                pmc_mck_set_division
 .text.pmc_switch_mck_to_pllack
                0x00400e38       0x84 src/ASF/sam/drivers/pmc/pmc.o
                0x00400e38                pmc_switch_mck_to_pllack
 .text.pmc_switch_sclk_to_32kxtal
                0x00400ebc       0x38 src/ASF/sam/drivers/pmc/pmc.o
                0x00400ebc                pmc_switch_sclk_to_32kxtal
 .text.pmc_osc_is_ready_32kxtal
                0x00400ef4       0x34 src/ASF/sam/drivers/pmc/pmc.o
                0x00400ef4                pmc_osc_is_ready_32kxtal
 .text.pmc_switch_mainck_to_fastrc
                0x00400f28       0x70 src/ASF/sam/drivers/pmc/pmc.o
                0x00400f28                pmc_switch_mainck_to_fastrc
 .text.pmc_switch_mainck_to_xtal
                0x00400f98       0x78 src/ASF/sam/drivers/pmc/pmc.o
                0x00400f98                pmc_switch_mainck_to_xtal
 .text.pmc_osc_is_ready_mainck
                0x00401010       0x1c src/ASF/sam/drivers/pmc/pmc.o
                0x00401010                pmc_osc_is_ready_mainck
 .text.pmc_disable_pllack
                0x0040102c       0x1c src/ASF/sam/drivers/pmc/pmc.o
                0x0040102c                pmc_disable_pllack
 .text.pmc_is_locked_pllack
                0x00401048       0x1c src/ASF/sam/drivers/pmc/pmc.o
                0x00401048                pmc_is_locked_pllack
 .text.pmc_is_locked_upll
                0x00401064       0x1c src/ASF/sam/drivers/pmc/pmc.o
                0x00401064                pmc_is_locked_upll
 .text.pmc_enable_periph_clk
                0x00401080       0x84 src/ASF/sam/drivers/pmc/pmc.o
                0x00401080                pmc_enable_periph_clk
 .text.twihs_enable_master_mode
                0x00401104       0x26 src/ASF/sam/drivers/twihs/twihs.o
                0x00401104                twihs_enable_master_mode
 *fill*         0x0040112a        0x2 
 .text.twihs_master_init
                0x0040112c       0x58 src/ASF/sam/drivers/twihs/twihs.o
                0x0040112c                twihs_master_init
 .text.twihs_set_speed
                0x00401184       0xf4 src/ASF/sam/drivers/twihs/twihs.o
                0x00401184                twihs_set_speed
 .text.twihs_mk_addr
                0x00401278       0x5c src/ASF/sam/drivers/twihs/twihs.o
 .text.twihs_master_read
                0x004012d4       0xe8 src/ASF/sam/drivers/twihs/twihs.o
                0x004012d4                twihs_master_read
 .text.twihs_reset
                0x004013bc       0x1e src/ASF/sam/drivers/twihs/twihs.o
                0x004013bc                twihs_reset
 .text.uart_init
                0x004013da       0x58 src/ASF/sam/drivers/uart/uart.o
                0x004013da                uart_init
 .text.uart_write
                0x00401432       0x30 src/ASF/sam/drivers/uart/uart.o
                0x00401432                uart_write
 .text.uart_read
                0x00401462       0x32 src/ASF/sam/drivers/uart/uart.o
                0x00401462                uart_read
 .text.usart_set_async_baudrate
                0x00401494       0x8a src/ASF/sam/drivers/usart/usart.o
                0x00401494                usart_set_async_baudrate
 *fill*         0x0040151e        0x2 
 .text.usart_reset
                0x00401520       0x54 src/ASF/sam/drivers/usart/usart.o
                0x00401520                usart_reset
 .text.usart_init_rs232
                0x00401574       0x84 src/ASF/sam/drivers/usart/usart.o
                0x00401574                usart_init_rs232
 .text.usart_enable_tx
                0x004015f8       0x1a src/ASF/sam/drivers/usart/usart.o
                0x004015f8                usart_enable_tx
 .text.usart_reset_tx
                0x00401612       0x1a src/ASF/sam/drivers/usart/usart.o
                0x00401612                usart_reset_tx
 .text.usart_enable_rx
                0x0040162c       0x1a src/ASF/sam/drivers/usart/usart.o
                0x0040162c                usart_enable_rx
 .text.usart_reset_rx
                0x00401646       0x1a src/ASF/sam/drivers/usart/usart.o
                0x00401646                usart_reset_rx
 .text.usart_reset_status
                0x00401660       0x1c src/ASF/sam/drivers/usart/usart.o
                0x00401660                usart_reset_status
 .text.usart_drive_RTS_pin_high
                0x0040167c       0x1c src/ASF/sam/drivers/usart/usart.o
                0x0040167c                usart_drive_RTS_pin_high
 .text.usart_write
                0x00401698       0x32 src/ASF/sam/drivers/usart/usart.o
                0x00401698                usart_write
 .text.usart_read
                0x004016ca       0x34 src/ASF/sam/drivers/usart/usart.o
                0x004016ca                usart_read
 *fill*         0x004016fe        0x2 
 .text.usart_disable_writeprotect
                0x00401700       0x20 src/ASF/sam/drivers/usart/usart.o
                0x00401700                usart_disable_writeprotect
 .text.cpu_irq_save
                0x00401720       0x38 src/ASF/sam/utils/cmsis/same70/source/templates/gcc/startup_same70.o
 .text.cpu_irq_is_enabled_flags
                0x00401758       0x20 src/ASF/sam/utils/cmsis/same70/source/templates/gcc/startup_same70.o
 .text.cpu_irq_restore
                0x00401778       0x30 src/ASF/sam/utils/cmsis/same70/source/templates/gcc/startup_same70.o
 .text.Reset_Handler
                0x004017a8       0xb0 src/ASF/sam/utils/cmsis/same70/source/templates/gcc/startup_same70.o
                0x004017a8                Reset_Handler
 .text.Dummy_Handler
                0x00401858        0x6 src/ASF/sam/utils/cmsis/same70/source/templates/gcc/startup_same70.o
                0x00401858                DACC_Handler
                0x00401858                DebugMon_Handler
                0x00401858                UART3_Handler
                0x00401858                UART2_Handler
                0x00401858                TRNG_Handler
                0x00401858                HardFault_Handler
                0x00401858                TC2_Handler
                0x00401858                SysTick_Handler
                0x00401858                AFEC1_Handler
                0x00401858                PendSV_Handler
                0x00401858                NMI_Handler
                0x00401858                TC7_Handler
                0x00401858                QSPI_Handler
                0x00401858                ISI_Handler
                0x00401858                TC9_Handler
                0x00401858                RSWDT_Handler
                0x00401858                MCAN1_Handler
                0x00401858                USART0_Handler
                0x00401858                RTT_Handler
                0x00401858                USBHS_Handler
                0x00401858                RTC_Handler
                0x00401858                UsageFault_Handler
                0x00401858                TC6_Handler
                0x00401858                WDT_Handler
                0x00401858                TC4_Handler
                0x00401858                TC1_Handler
                0x00401858                HSMCI_Handler
                0x00401858                UART1_Handler
                0x00401858                TC3_Handler
                0x00401858                Dummy_Handler
                0x00401858                TWIHS1_Handler
                0x00401858                XDMAC_Handler
                0x00401858                UART4_Handler
                0x00401858                PWM1_Handler
                0x00401858                USART1_Handler
                0x00401858                PWM0_Handler
                0x00401858                AFEC0_Handler
                0x00401858                TC11_Handler
                0x00401858                SSC_Handler
                0x00401858                ACC_Handler
                0x00401858                PMC_Handler
                0x00401858                GMAC_Handler
                0x00401858                MemManage_Handler
                0x00401858                SUPC_Handler
                0x00401858                SVC_Handler
                0x00401858                TC8_Handler
                0x00401858                EFC_Handler
                0x00401858                USART2_Handler
                0x00401858                SDRAMC_Handler
                0x00401858                SPI1_Handler
                0x00401858                MCAN0_Handler
                0x00401858                TC10_Handler
                0x00401858                TWIHS2_Handler
                0x00401858                UART0_Handler
                0x00401858                BusFault_Handler
                0x00401858                RSTC_Handler
                0x00401858                TC0_Handler
                0x00401858                TC5_Handler
                0x00401858                AES_Handler
                0x00401858                ICM_Handler
                0x00401858                TWIHS0_Handler
                0x00401858                SPI0_Handler
 *fill*         0x0040185e        0x2 
 .text.SystemCoreClockUpdate
                0x00401860      0x168 src/ASF/sam/utils/cmsis/same70/source/templates/system_same70.o
                0x00401860                SystemCoreClockUpdate
 .text.system_init_flash
                0x004019c8       0x98 src/ASF/sam/utils/cmsis/same70/source/templates/system_same70.o
                0x004019c8                system_init_flash
 .text._sbrk    0x00401a60       0x58 src/ASF/sam/utils/syscalls/gcc/syscalls.o
                0x00401a60                _sbrk
 .text._close   0x00401ab8       0x18 src/ASF/sam/utils/syscalls/gcc/syscalls.o
                0x00401ab8                _close
 .text._fstat   0x00401ad0       0x20 src/ASF/sam/utils/syscalls/gcc/syscalls.o
                0x00401ad0                _fstat
 .text._isatty  0x00401af0       0x16 src/ASF/sam/utils/syscalls/gcc/syscalls.o
                0x00401af0                _isatty
 .text._lseek   0x00401b06       0x1a src/ASF/sam/utils/syscalls/gcc/syscalls.o
                0x00401b06                _lseek
 .text.osc_get_rate
                0x00401b20       0x74 src/main.o
 .text.sysclk_get_main_hz
                0x00401b94       0x20 src/main.o
 .text.sysclk_get_cpu_hz
                0x00401bb4       0x14 src/main.o
 .text.sysclk_get_peripheral_hz
                0x00401bc8       0x14 src/main.o
 .text.sysclk_enable_peripheral_clock
                0x00401bdc       0x1c src/main.o
 .text.usart_serial_init
                0x00401bf8      0x164 src/main.o
 .text.usart_serial_putchar
                0x00401d5c      0x10c src/main.o
 .text.usart_serial_getchar
                0x00401e68      0x108 src/main.o
 .text.stdio_serial_init
                0x00401f70       0x68 src/main.o
 .text.configure_console
                0x00401fd8       0x80 src/main.o
 .text.mcu6050_i2c_bus_init
                0x00402058       0x3c src/main.o
                0x00402058                mcu6050_i2c_bus_init
 .text.i2c_bus_read
                0x00402094       0x58 src/main.o
                0x00402094                i2c_bus_read
 .text.Adafruit_FT6206_touched
                0x004020ec       0x38 src/main.o
                0x004020ec                Adafruit_FT6206_touched
 .text.main     0x00402124      0x148 src/main.o
                0x00402124                main
 .text.__libc_init_array
                0x0040226c       0x50 c:/program files (x86)/atmel/studio/7.0/toolchain/arm/arm-gnu-toolchain/bin/../lib/gcc/arm-none-eabi/6.3.1/../../../../arm-none-eabi/lib/thumb/v7e-m\libc.a(lib_a-init.o)
                0x0040226c                __libc_init_array
 .text.memset   0x004022bc       0x9c c:/program files (x86)/atmel/studio/7.0/toolchain/arm/arm-gnu-toolchain/bin/../lib/gcc/arm-none-eabi/6.3.1/../../../../arm-none-eabi/lib/thumb/v7e-m\libc.a(lib_a-memset.o)
                0x004022bc                memset
 .text.printf   0x00402358       0x28 c:/program files (x86)/atmel/studio/7.0/toolchain/arm/arm-gnu-toolchain/bin/../lib/gcc/arm-none-eabi/6.3.1/../../../../arm-none-eabi/lib/thumb/v7e-m\libc.a(lib_a-printf.o)
                0x00402358                printf
 .text._puts_r  0x00402380       0x9c c:/program files (x86)/atmel/studio/7.0/toolchain/arm/arm-gnu-toolchain/bin/../lib/gcc/arm-none-eabi/6.3.1/../../../../arm-none-eabi/lib/thumb/v7e-m\libc.a(lib_a-puts.o)
                0x00402380                _puts_r
 .text.puts     0x0040241c       0x10 c:/program files (x86)/atmel/studio/7.0/toolchain/arm/arm-gnu-toolchain/bin/../lib/gcc/arm-none-eabi/6.3.1/../../../../arm-none-eabi/lib/thumb/v7e-m\libc.a(lib_a-puts.o)
                0x0040241c                puts
 .text.setbuf   0x0040242c       0x10 c:/program files (x86)/atmel/studio/7.0/toolchain/arm/arm-gnu-toolchain/bin/../lib/gcc/arm-none-eabi/6.3.1/../../../../arm-none-eabi/lib/thumb/v7e-m\libc.a(lib_a-setbuf.o)
                0x0040242c                setbuf
 .text.setvbuf  0x0040243c      0x190 c:/program files (x86)/atmel/studio/7.0/toolchain/arm/arm-gnu-toolchain/bin/../lib/gcc/arm-none-eabi/6.3.1/../../../../arm-none-eabi/lib/thumb/v7e-m\libc.a(lib_a-setvbuf.o)
                0x0040243c                setvbuf
 *fill*         0x004025cc       0x34 
 .text          0x00402600       0xdc c:/program files (x86)/atmel/studio/7.0/toolchain/arm/arm-gnu-toolchain/bin/../lib/gcc/arm-none-eabi/6.3.1/../../../../arm-none-eabi/lib/thumb/v7e-m\libc.a(lib_a-strlen.o)
                0x00402600                strlen
 .text._vfprintf_r
                0x004026dc     0x1558 c:/program files (x86)/atmel/studio/7.0/toolchain/arm/arm-gnu-toolchain/bin/../lib/gcc/arm-none-eabi/6.3.1/../../../../arm-none-eabi/lib/thumb/v7e-m\libc.a(lib_a-vfprintf.o)
                0x004026dc                _vfprintf_r
 .text.__sbprintf
                0x00403c34       0x84 c:/program files (x86)/atmel/studio/7.0/toolchain/arm/arm-gnu-toolchain/bin/../lib/gcc/arm-none-eabi/6.3.1/../../../../arm-none-eabi/lib/thumb/v7e-m\libc.a(lib_a-vfprintf.o)
 .text.__swsetup_r
                0x00403cb8       0xc8 c:/program files (x86)/atmel/studio/7.0/toolchain/arm/arm-gnu-toolchain/bin/../lib/gcc/arm-none-eabi/6.3.1/../../../../arm-none-eabi/lib/thumb/v7e-m\libc.a(lib_a-wsetup.o)
                0x00403cb8                __swsetup_r
 .text.startup.register_fini
                0x00403d80       0x14 c:/program files (x86)/atmel/studio/7.0/toolchain/arm/arm-gnu-toolchain/bin/../lib/gcc/arm-none-eabi/6.3.1/../../../../arm-none-eabi/lib/thumb/v7e-m\libc.a(lib_a-__call_atexit.o)
 .text.atexit   0x00403d94        0xc c:/program files (x86)/atmel/studio/7.0/toolchain/arm/arm-gnu-toolchain/bin/../lib/gcc/arm-none-eabi/6.3.1/../../../../arm-none-eabi/lib/thumb/v7e-m\libc.a(lib_a-atexit.o)
                0x00403d94                atexit
 .text.quorem   0x00403da0      0x128 c:/program files (x86)/atmel/studio/7.0/toolchain/arm/arm-gnu-toolchain/bin/../lib/gcc/arm-none-eabi/6.3.1/../../../../arm-none-eabi/lib/thumb/v7e-m\libc.a(lib_a-dtoa.o)
 .text._dtoa_r  0x00403ec8      0xe54 c:/program files (x86)/atmel/studio/7.0/toolchain/arm/arm-gnu-toolchain/bin/../lib/gcc/arm-none-eabi/6.3.1/../../../../arm-none-eabi/lib/thumb/v7e-m\libc.a(lib_a-dtoa.o)
                0x00403ec8                _dtoa_r
 .text.__sflush_r
                0x00404d1c      0x140 c:/program files (x86)/atmel/studio/7.0/toolchain/arm/arm-gnu-toolchain/bin/../lib/gcc/arm-none-eabi/6.3.1/../../../../arm-none-eabi/lib/thumb/v7e-m\libc.a(lib_a-fflush.o)
                0x00404d1c                __sflush_r
 .text._fflush_r
                0x00404e5c       0x54 c:/program files (x86)/atmel/studio/7.0/toolchain/arm/arm-gnu-toolchain/bin/../lib/gcc/arm-none-eabi/6.3.1/../../../../arm-none-eabi/lib/thumb/v7e-m\libc.a(lib_a-fflush.o)
                0x00404e5c                _fflush_r
 .text._cleanup_r
                0x00404eb0        0xc c:/program files (x86)/atmel/studio/7.0/toolchain/arm/arm-gnu-toolchain/bin/../lib/gcc/arm-none-eabi/6.3.1/../../../../arm-none-eabi/lib/thumb/v7e-m\libc.a(lib_a-findfp.o)
                0x00404eb0                _cleanup_r
 .text.std.isra.0
                0x00404ebc       0x50 c:/program files (x86)/atmel/studio/7.0/toolchain/arm/arm-gnu-toolchain/bin/../lib/gcc/arm-none-eabi/6.3.1/../../../../arm-none-eabi/lib/thumb/v7e-m\libc.a(lib_a-findfp.o)
 .text.__sinit  0x00404f0c       0x58 c:/program files (x86)/atmel/studio/7.0/toolchain/arm/arm-gnu-toolchain/bin/../lib/gcc/arm-none-eabi/6.3.1/../../../../arm-none-eabi/lib/thumb/v7e-m\libc.a(lib_a-findfp.o)
                0x00404f0c                __sinit
 .text.__sfp_lock_acquire
                0x00404f64        0xc c:/program files (x86)/atmel/studio/7.0/toolchain/arm/arm-gnu-toolchain/bin/../lib/gcc/arm-none-eabi/6.3.1/../../../../arm-none-eabi/lib/thumb/v7e-m\libc.a(lib_a-findfp.o)
                0x00404f64                __sfp_lock_acquire
 .text.__sfp_lock_release
                0x00404f70        0xc c:/program files (x86)/atmel/studio/7.0/toolchain/arm/arm-gnu-toolchain/bin/../lib/gcc/arm-none-eabi/6.3.1/../../../../arm-none-eabi/lib/thumb/v7e-m\libc.a(lib_a-findfp.o)
                0x00404f70                __sfp_lock_release
 .text.__libc_fini_array
                0x00404f7c       0x34 c:/program files (x86)/atmel/studio/7.0/toolchain/arm/arm-gnu-toolchain/bin/../lib/gcc/arm-none-eabi/6.3.1/../../../../arm-none-eabi/lib/thumb/v7e-m\libc.a(lib_a-fini.o)
                0x00404f7c                __libc_fini_array
 .text._malloc_trim_r
                0x00404fb0       0xa0 c:/program files (x86)/atmel/studio/7.0/toolchain/arm/arm-gnu-toolchain/bin/../lib/gcc/arm-none-eabi/6.3.1/../../../../arm-none-eabi/lib/thumb/v7e-m\libc.a(lib_a-freer.o)
                0x00404fb0                _malloc_trim_r
 .text._free_r  0x00405050      0x1cc c:/program files (x86)/atmel/studio/7.0/toolchain/arm/arm-gnu-toolchain/bin/../lib/gcc/arm-none-eabi/6.3.1/../../../../arm-none-eabi/lib/thumb/v7e-m\libc.a(lib_a-freer.o)
                0x00405050                _free_r
 .text.__sfvwrite_r
                0x0040521c      0x2f0 c:/program files (x86)/atmel/studio/7.0/toolchain/arm/arm-gnu-toolchain/bin/../lib/gcc/arm-none-eabi/6.3.1/../../../../arm-none-eabi/lib/thumb/v7e-m\libc.a(lib_a-fvwrite.o)
                0x0040521c                __sfvwrite_r
 .text._fwalk_reent
                0x0040550c       0x54 c:/program files (x86)/atmel/studio/7.0/toolchain/arm/arm-gnu-toolchain/bin/../lib/gcc/arm-none-eabi/6.3.1/../../../../arm-none-eabi/lib/thumb/v7e-m\libc.a(lib_a-fwalk.o)
                0x0040550c                _fwalk_reent
 .text._localeconv_r
                0x00405560       0x1c c:/program files (x86)/atmel/studio/7.0/toolchain/arm/arm-gnu-toolchain/bin/../lib/gcc/arm-none-eabi/6.3.1/../../../../arm-none-eabi/lib/thumb/v7e-m\libc.a(lib_a-localeconv.o)
                0x00405560                _localeconv_r
 .text.__retarget_lock_init_recursive
                0x0040557c        0x4 c:/program files (x86)/atmel/studio/7.0/toolchain/arm/arm-gnu-toolchain/bin/../lib/gcc/arm-none-eabi/6.3.1/../../../../arm-none-eabi/lib/thumb/v7e-m\libc.a(lib_a-lock.o)
                0x0040557c                __retarget_lock_init_recursive
 .text.__retarget_lock_close_recursive
                0x00405580        0x4 c:/program files (x86)/atmel/studio/7.0/toolchain/arm/arm-gnu-toolchain/bin/../lib/gcc/arm-none-eabi/6.3.1/../../../../arm-none-eabi/lib/thumb/v7e-m\libc.a(lib_a-lock.o)
                0x00405580                __retarget_lock_close_recursive
 .text.__retarget_lock_acquire_recursive
                0x00405584        0x4 c:/program files (x86)/atmel/studio/7.0/toolchain/arm/arm-gnu-toolchain/bin/../lib/gcc/arm-none-eabi/6.3.1/../../../../arm-none-eabi/lib/thumb/v7e-m\libc.a(lib_a-lock.o)
                0x00405584                __retarget_lock_acquire_recursive
 .text.__retarget_lock_release_recursive
                0x00405588        0x4 c:/program files (x86)/atmel/studio/7.0/toolchain/arm/arm-gnu-toolchain/bin/../lib/gcc/arm-none-eabi/6.3.1/../../../../arm-none-eabi/lib/thumb/v7e-m\libc.a(lib_a-lock.o)
                0x00405588                __retarget_lock_release_recursive
 .text.__swhatbuf_r
                0x0040558c       0x5c c:/program files (x86)/atmel/studio/7.0/toolchain/arm/arm-gnu-toolchain/bin/../lib/gcc/arm-none-eabi/6.3.1/../../../../arm-none-eabi/lib/thumb/v7e-m\libc.a(lib_a-makebuf.o)
                0x0040558c                __swhatbuf_r
 .text.__smakebuf_r
                0x004055e8       0x94 c:/program files (x86)/atmel/studio/7.0/toolchain/arm/arm-gnu-toolchain/bin/../lib/gcc/arm-none-eabi/6.3.1/../../../../arm-none-eabi/lib/thumb/v7e-m\libc.a(lib_a-makebuf.o)
                0x004055e8                __smakebuf_r
 .text.malloc   0x0040567c       0x10 c:/program files (x86)/atmel/studio/7.0/toolchain/arm/arm-gnu-toolchain/bin/../lib/gcc/arm-none-eabi/6.3.1/../../../../arm-none-eabi/lib/thumb/v7e-m\libc.a(lib_a-malloc.o)
                0x0040567c                malloc
 .text._malloc_r
                0x0040568c      0x560 c:/program files (x86)/atmel/studio/7.0/toolchain/arm/arm-gnu-toolchain/bin/../lib/gcc/arm-none-eabi/6.3.1/../../../../arm-none-eabi/lib/thumb/v7e-m\libc.a(lib_a-mallocr.o)
                0x0040568c                _malloc_r
 *fill*         0x00405bec        0x4 
 .text          0x00405bf0       0xa0 c:/program files (x86)/atmel/studio/7.0/toolchain/arm/arm-gnu-toolchain/bin/../lib/gcc/arm-none-eabi/6.3.1/../../../../arm-none-eabi/lib/thumb/v7e-m\libc.a(lib_a-memchr.o)
                0x00405bf0                memchr
 .text          0x00405c90      0x134 c:/program files (x86)/atmel/studio/7.0/toolchain/arm/arm-gnu-toolchain/bin/../lib/gcc/arm-none-eabi/6.3.1/../../../../arm-none-eabi/lib/thumb/v7e-m\libc.a(lib_a-memcpy.o)
                0x00405c90                memcpy
 .text.memmove  0x00405dc4       0xc8 c:/program files (x86)/atmel/studio/7.0/toolchain/arm/arm-gnu-toolchain/bin/../lib/gcc/arm-none-eabi/6.3.1/../../../../arm-none-eabi/lib/thumb/v7e-m\libc.a(lib_a-memmove.o)
                0x00405dc4                memmove
 .text.__malloc_lock
                0x00405e8c        0xc c:/program files (x86)/atmel/studio/7.0/toolchain/arm/arm-gnu-toolchain/bin/../lib/gcc/arm-none-eabi/6.3.1/../../../../arm-none-eabi/lib/thumb/v7e-m\libc.a(lib_a-mlock.o)
                0x00405e8c                __malloc_lock
 .text.__malloc_unlock
                0x00405e98        0xc c:/program files (x86)/atmel/studio/7.0/toolchain/arm/arm-gnu-toolchain/bin/../lib/gcc/arm-none-eabi/6.3.1/../../../../arm-none-eabi/lib/thumb/v7e-m\libc.a(lib_a-mlock.o)
                0x00405e98                __malloc_unlock
 .text._Balloc  0x00405ea4       0x4c c:/program files (x86)/atmel/studio/7.0/toolchain/arm/arm-gnu-toolchain/bin/../lib/gcc/arm-none-eabi/6.3.1/../../../../arm-none-eabi/lib/thumb/v7e-m\libc.a(lib_a-mprec.o)
                0x00405ea4                _Balloc
 .text._Bfree   0x00405ef0       0x14 c:/program files (x86)/atmel/studio/7.0/toolchain/arm/arm-gnu-toolchain/bin/../lib/gcc/arm-none-eabi/6.3.1/../../../../arm-none-eabi/lib/thumb/v7e-m\libc.a(lib_a-mprec.o)
                0x00405ef0                _Bfree
 .text.__multadd
                0x00405f04       0x80 c:/program files (x86)/atmel/studio/7.0/toolchain/arm/arm-gnu-toolchain/bin/../lib/gcc/arm-none-eabi/6.3.1/../../../../arm-none-eabi/lib/thumb/v7e-m\libc.a(lib_a-mprec.o)
                0x00405f04                __multadd
 .text.__hi0bits
                0x00405f84       0x40 c:/program files (x86)/atmel/studio/7.0/toolchain/arm/arm-gnu-toolchain/bin/../lib/gcc/arm-none-eabi/6.3.1/../../../../arm-none-eabi/lib/thumb/v7e-m\libc.a(lib_a-mprec.o)
                0x00405f84                __hi0bits
 .text.__lo0bits
                0x00405fc4       0x60 c:/program files (x86)/atmel/studio/7.0/toolchain/arm/arm-gnu-toolchain/bin/../lib/gcc/arm-none-eabi/6.3.1/../../../../arm-none-eabi/lib/thumb/v7e-m\libc.a(lib_a-mprec.o)
                0x00405fc4                __lo0bits
 .text.__i2b    0x00406024       0x14 c:/program files (x86)/atmel/studio/7.0/toolchain/arm/arm-gnu-toolchain/bin/../lib/gcc/arm-none-eabi/6.3.1/../../../../arm-none-eabi/lib/thumb/v7e-m\libc.a(lib_a-mprec.o)
                0x00406024                __i2b
 .text.__multiply
                0x00406038      0x124 c:/program files (x86)/atmel/studio/7.0/toolchain/arm/arm-gnu-toolchain/bin/../lib/gcc/arm-none-eabi/6.3.1/../../../../arm-none-eabi/lib/thumb/v7e-m\libc.a(lib_a-mprec.o)
                0x00406038                __multiply
 .text.__pow5mult
                0x0040615c       0xa0 c:/program files (x86)/atmel/studio/7.0/toolchain/arm/arm-gnu-toolchain/bin/../lib/gcc/arm-none-eabi/6.3.1/../../../../arm-none-eabi/lib/thumb/v7e-m\libc.a(lib_a-mprec.o)
                0x0040615c                __pow5mult
 .text.__lshift
                0x004061fc       0xa4 c:/program files (x86)/atmel/studio/7.0/toolchain/arm/arm-gnu-toolchain/bin/../lib/gcc/arm-none-eabi/6.3.1/../../../../arm-none-eabi/lib/thumb/v7e-m\libc.a(lib_a-mprec.o)
                0x004061fc                __lshift
 .text.__mcmp   0x004062a0       0x38 c:/program files (x86)/atmel/studio/7.0/toolchain/arm/arm-gnu-toolchain/bin/../lib/gcc/arm-none-eabi/6.3.1/../../../../arm-none-eabi/lib/thumb/v7e-m\libc.a(lib_a-mprec.o)
                0x004062a0                __mcmp
 .text.__mdiff  0x004062d8      0x108 c:/program files (x86)/atmel/studio/7.0/toolchain/arm/arm-gnu-toolchain/bin/../lib/gcc/arm-none-eabi/6.3.1/../../../../arm-none-eabi/lib/thumb/v7e-m\libc.a(lib_a-mprec.o)
                0x004062d8                __mdiff
 .text.__d2b    0x004063e0       0xb8 c:/program files (x86)/atmel/studio/7.0/toolchain/arm/arm-gnu-toolchain/bin/../lib/gcc/arm-none-eabi/6.3.1/../../../../arm-none-eabi/lib/thumb/v7e-m\libc.a(lib_a-mprec.o)
                0x004063e0                __d2b
 .text._realloc_r
                0x00406498      0x34c c:/program files (x86)/atmel/studio/7.0/toolchain/arm/arm-gnu-toolchain/bin/../lib/gcc/arm-none-eabi/6.3.1/../../../../arm-none-eabi/lib/thumb/v7e-m\libc.a(lib_a-reallocr.o)
                0x00406498                _realloc_r
 .text._sbrk_r  0x004067e4       0x24 c:/program files (x86)/atmel/studio/7.0/toolchain/arm/arm-gnu-toolchain/bin/../lib/gcc/arm-none-eabi/6.3.1/../../../../arm-none-eabi/lib/thumb/v7e-m\libc.a(lib_a-sbrkr.o)
                0x004067e4                _sbrk_r
 .text.__sread  0x00406808       0x24 c:/program files (x86)/atmel/studio/7.0/toolchain/arm/arm-gnu-toolchain/bin/../lib/gcc/arm-none-eabi/6.3.1/../../../../arm-none-eabi/lib/thumb/v7e-m\libc.a(lib_a-stdio.o)
                0x00406808                __sread
 .text.__swrite
                0x0040682c       0x3c c:/program files (x86)/atmel/studio/7.0/toolchain/arm/arm-gnu-toolchain/bin/../lib/gcc/arm-none-eabi/6.3.1/../../../../arm-none-eabi/lib/thumb/v7e-m\libc.a(lib_a-stdio.o)
                0x0040682c                __swrite
 .text.__sseek  0x00406868       0x20 c:/program files (x86)/atmel/studio/7.0/toolchain/arm/arm-gnu-toolchain/bin/../lib/gcc/arm-none-eabi/6.3.1/../../../../arm-none-eabi/lib/thumb/v7e-m\libc.a(lib_a-stdio.o)
                0x00406868                __sseek
 .text.__sclose
                0x00406888        0x8 c:/program files (x86)/atmel/studio/7.0/toolchain/arm/arm-gnu-toolchain/bin/../lib/gcc/arm-none-eabi/6.3.1/../../../../arm-none-eabi/lib/thumb/v7e-m\libc.a(lib_a-stdio.o)
                0x00406888                __sclose
 .text.__sprint_r.part.0
                0x00406890       0x80 c:/program files (x86)/atmel/studio/7.0/toolchain/arm/arm-gnu-toolchain/bin/../lib/gcc/arm-none-eabi/6.3.1/../../../../arm-none-eabi/lib/thumb/v7e-m\libc.a(lib_a-vfiprintf.o)
 .text.__sprint_r
                0x00406910       0x14 c:/program files (x86)/atmel/studio/7.0/toolchain/arm/arm-gnu-toolchain/bin/../lib/gcc/arm-none-eabi/6.3.1/../../../../arm-none-eabi/lib/thumb/v7e-m\libc.a(lib_a-vfiprintf.o)
                0x00406910                __sprint_r
 .text._write_r
                0x00406924       0x2c c:/program files (x86)/atmel/studio/7.0/toolchain/arm/arm-gnu-toolchain/bin/../lib/gcc/arm-none-eabi/6.3.1/../../../../arm-none-eabi/lib/thumb/v7e-m\libc.a(lib_a-writer.o)
                0x00406924                _write_r
 .text.__register_exitproc
                0x00406950       0xc4 c:/program files (x86)/atmel/studio/7.0/toolchain/arm/arm-gnu-toolchain/bin/../lib/gcc/arm-none-eabi/6.3.1/../../../../arm-none-eabi/lib/thumb/v7e-m\libc.a(lib_a-__atexit.o)
                0x00406950                __register_exitproc
 .text._calloc_r
                0x00406a14       0x60 c:/program files (x86)/atmel/studio/7.0/toolchain/arm/arm-gnu-toolchain/bin/../lib/gcc/arm-none-eabi/6.3.1/../../../../arm-none-eabi/lib/thumb/v7e-m\libc.a(lib_a-callocr.o)
                0x00406a14                _calloc_r
 .text._close_r
                0x00406a74       0x24 c:/program files (x86)/atmel/studio/7.0/toolchain/arm/arm-gnu-toolchain/bin/../lib/gcc/arm-none-eabi/6.3.1/../../../../arm-none-eabi/lib/thumb/v7e-m\libc.a(lib_a-closer.o)
                0x00406a74                _close_r
 .text._fclose_r
                0x00406a98       0xc4 c:/program files (x86)/atmel/studio/7.0/toolchain/arm/arm-gnu-toolchain/bin/../lib/gcc/arm-none-eabi/6.3.1/../../../../arm-none-eabi/lib/thumb/v7e-m\libc.a(lib_a-fclose.o)
                0x00406a98                _fclose_r
 .text.__fputwc
                0x00406b5c       0xa0 c:/program files (x86)/atmel/studio/7.0/toolchain/arm/arm-gnu-toolchain/bin/../lib/gcc/arm-none-eabi/6.3.1/../../../../arm-none-eabi/lib/thumb/v7e-m\libc.a(lib_a-fputwc.o)
                0x00406b5c                __fputwc
 .text._fputwc_r
                0x00406bfc       0x68 c:/program files (x86)/atmel/studio/7.0/toolchain/arm/arm-gnu-toolchain/bin/../lib/gcc/arm-none-eabi/6.3.1/../../../../arm-none-eabi/lib/thumb/v7e-m\libc.a(lib_a-fputwc.o)
                0x00406bfc                _fputwc_r
 .text._fstat_r
                0x00406c64       0x28 c:/program files (x86)/atmel/studio/7.0/toolchain/arm/arm-gnu-toolchain/bin/../lib/gcc/arm-none-eabi/6.3.1/../../../../arm-none-eabi/lib/thumb/v7e-m\libc.a(lib_a-fstatr.o)
                0x00406c64                _fstat_r
 .text._isatty_r
                0x00406c8c       0x24 c:/program files (x86)/atmel/studio/7.0/toolchain/arm/arm-gnu-toolchain/bin/../lib/gcc/arm-none-eabi/6.3.1/../../../../arm-none-eabi/lib/thumb/v7e-m\libc.a(lib_a-isattyr.o)
                0x00406c8c                _isatty_r
 .text.__locale_mb_cur_max
                0x00406cb0       0x1c c:/program files (x86)/atmel/studio/7.0/toolchain/arm/arm-gnu-toolchain/bin/../lib/gcc/arm-none-eabi/6.3.1/../../../../arm-none-eabi/lib/thumb/v7e-m\libc.a(lib_a-locale.o)
                0x00406cb0                __locale_mb_cur_max
 .text._lseek_r
                0x00406ccc       0x2c c:/program files (x86)/atmel/studio/7.0/toolchain/arm/arm-gnu-toolchain/bin/../lib/gcc/arm-none-eabi/6.3.1/../../../../arm-none-eabi/lib/thumb/v7e-m\libc.a(lib_a-lseekr.o)
                0x00406ccc                _lseek_r
 .text.__ascii_mbtowc
                0x00406cf8       0x2c c:/program files (x86)/atmel/studio/7.0/toolchain/arm/arm-gnu-toolchain/bin/../lib/gcc/arm-none-eabi/6.3.1/../../../../arm-none-eabi/lib/thumb/v7e-m\libc.a(lib_a-mbtowc_r.o)
                0x00406cf8                __ascii_mbtowc
 .text._read_r  0x00406d24       0x2c c:/program files (x86)/atmel/studio/7.0/toolchain/arm/arm-gnu-toolchain/bin/../lib/gcc/arm-none-eabi/6.3.1/../../../../arm-none-eabi/lib/thumb/v7e-m\libc.a(lib_a-readr.o)
                0x00406d24                _read_r
 .text.__swbuf_r
                0x00406d50       0xb0 c:/program files (x86)/atmel/studio/7.0/toolchain/arm/arm-gnu-toolchain/bin/../lib/gcc/arm-none-eabi/6.3.1/../../../../arm-none-eabi/lib/thumb/v7e-m\libc.a(lib_a-wbuf.o)
                0x00406d50                __swbuf_r
 .text._wcrtomb_r
                0x00406e00       0x54 c:/program files (x86)/atmel/studio/7.0/toolchain/arm/arm-gnu-toolchain/bin/../lib/gcc/arm-none-eabi/6.3.1/../../../../arm-none-eabi/lib/thumb/v7e-m\libc.a(lib_a-wcrtomb.o)
                0x00406e00                _wcrtomb_r
 .text.__ascii_wctomb
                0x00406e54       0x1c c:/program files (x86)/atmel/studio/7.0/toolchain/arm/arm-gnu-toolchain/bin/../lib/gcc/arm-none-eabi/6.3.1/../../../../arm-none-eabi/lib/thumb/v7e-m\libc.a(lib_a-wctomb_r.o)
                0x00406e54                __ascii_wctomb
 .text          0x00406e70      0x370 c:/program files (x86)/atmel/studio/7.0/toolchain/arm/arm-gnu-toolchain/bin/../lib/gcc/arm-none-eabi/6.3.1/thumb/v7e-m\libgcc.a(_arm_addsubdf3.o)
                0x00406e70                __aeabi_drsub
                0x00406e78                __aeabi_dsub
                0x00406e78                __subdf3
                0x00406e7c                __aeabi_dadd
                0x00406e7c                __adddf3
                0x004070f4                __floatunsidf
                0x004070f4                __aeabi_ui2d
                0x00407114                __floatsidf
                0x00407114                __aeabi_i2d
                0x00407138                __aeabi_f2d
                0x00407138                __extendsfdf2
                0x00407174                __floatundidf
                0x00407174                __aeabi_ul2d
                0x00407184                __floatdidf
                0x00407184                __aeabi_l2d
 .text          0x004071e0      0x424 c:/program files (x86)/atmel/studio/7.0/toolchain/arm/arm-gnu-toolchain/bin/../lib/gcc/arm-none-eabi/6.3.1/thumb/v7e-m\libgcc.a(_arm_muldivdf3.o)
                0x004071e0                __aeabi_dmul
                0x004071e0                __muldf3
                0x00407434                __divdf3
                0x00407434                __aeabi_ddiv
 .text          0x00407604      0x110 c:/program files (x86)/atmel/studio/7.0/toolchain/arm/arm-gnu-toolchain/bin/../lib/gcc/arm-none-eabi/6.3.1/thumb/v7e-m\libgcc.a(_arm_cmpdf2.o)
                0x00407604                __gtdf2
                0x00407604                __gedf2
                0x0040760c                __ltdf2
                0x0040760c                __ledf2
                0x00407614                __nedf2
                0x00407614                __eqdf2
                0x00407614                __cmpdf2
                0x00407690                __aeabi_cdrcmple
                0x004076a0                __aeabi_cdcmpeq
                0x004076a0                __aeabi_cdcmple
                0x004076b0                __aeabi_dcmpeq
                0x004076c4                __aeabi_dcmplt
                0x004076d8                __aeabi_dcmple
                0x004076ec                __aeabi_dcmpge
                0x00407700                __aeabi_dcmpgt
 .text          0x00407714       0x2c c:/program files (x86)/atmel/studio/7.0/toolchain/arm/arm-gnu-toolchain/bin/../lib/gcc/arm-none-eabi/6.3.1/thumb/v7e-m\libgcc.a(_arm_unorddf2.o)
                0x00407714                __unorddf2
                0x00407714                __aeabi_dcmpun
 .text          0x00407740       0x50 c:/program files (x86)/atmel/studio/7.0/toolchain/arm/arm-gnu-toolchain/bin/../lib/gcc/arm-none-eabi/6.3.1/thumb/v7e-m\libgcc.a(_arm_fixdfsi.o)
                0x00407740                __aeabi_d2iz
                0x00407740                __fixdfsi
 .text          0x00407790       0x30 c:/program files (x86)/atmel/studio/7.0/toolchain/arm/arm-gnu-toolchain/bin/../lib/gcc/arm-none-eabi/6.3.1/thumb/v7e-m\libgcc.a(_aeabi_uldivmod.o)
                0x00407790                __aeabi_uldivmod
 .text          0x004077c0      0x2dc c:/program files (x86)/atmel/studio/7.0/toolchain/arm/arm-gnu-toolchain/bin/../lib/gcc/arm-none-eabi/6.3.1/thumb/v7e-m\libgcc.a(_udivmoddi4.o)
                0x004077c0                __udivmoddi4
 .text          0x00407a9c        0x4 c:/program files (x86)/atmel/studio/7.0/toolchain/arm/arm-gnu-toolchain/bin/../lib/gcc/arm-none-eabi/6.3.1/thumb/v7e-m\libgcc.a(_dvmd_tls.o)
                0x00407a9c                __aeabi_idiv0
                0x00407a9c                __aeabi_ldiv0
 *(.glue_7t)
 .glue_7t       0x00407aa0        0x0 linker stubs
 *(.glue_7)
 .glue_7        0x00407aa0        0x0 linker stubs
 *(.rodata .rodata* .gnu.linkonce.r.*)
 .rodata        0x00407aa0       0x70 src/main.o
 .rodata._global_impure_ptr
                0x00407b10        0x4 c:/program files (x86)/atmel/studio/7.0/toolchain/arm/arm-gnu-toolchain/bin/../lib/gcc/arm-none-eabi/6.3.1/../../../../arm-none-eabi/lib/thumb/v7e-m\libc.a(lib_a-impure.o)
                0x00407b10                _global_impure_ptr
 .rodata._puts_r.str1.4
                0x00407b14        0x2 c:/program files (x86)/atmel/studio/7.0/toolchain/arm/arm-gnu-toolchain/bin/../lib/gcc/arm-none-eabi/6.3.1/../../../../arm-none-eabi/lib/thumb/v7e-m\libc.a(lib_a-puts.o)
 *fill*         0x00407b16        0x2 
 .rodata._vfprintf_r.str1.4
                0x00407b18       0x42 c:/program files (x86)/atmel/studio/7.0/toolchain/arm/arm-gnu-toolchain/bin/../lib/gcc/arm-none-eabi/6.3.1/../../../../arm-none-eabi/lib/thumb/v7e-m\libc.a(lib_a-vfprintf.o)
 *fill*         0x00407b5a        0x2 
 .rodata.blanks.7238
                0x00407b5c       0x10 c:/program files (x86)/atmel/studio/7.0/toolchain/arm/arm-gnu-toolchain/bin/../lib/gcc/arm-none-eabi/6.3.1/../../../../arm-none-eabi/lib/thumb/v7e-m\libc.a(lib_a-vfprintf.o)
 .rodata.zeroes.7239
                0x00407b6c       0x10 c:/program files (x86)/atmel/studio/7.0/toolchain/arm/arm-gnu-toolchain/bin/../lib/gcc/arm-none-eabi/6.3.1/../../../../arm-none-eabi/lib/thumb/v7e-m\libc.a(lib_a-vfprintf.o)
 .rodata._dtoa_r.str1.4
                0x00407b7c       0x10 c:/program files (x86)/atmel/studio/7.0/toolchain/arm/arm-gnu-toolchain/bin/../lib/gcc/arm-none-eabi/6.3.1/../../../../arm-none-eabi/lib/thumb/v7e-m\libc.a(lib_a-dtoa.o)
                                 0x12 (size before relaxing)
 *fill*         0x00407b8c        0x4 
 .rodata.__mprec_bigtens
                0x00407b90       0x28 c:/program files (x86)/atmel/studio/7.0/toolchain/arm/arm-gnu-toolchain/bin/../lib/gcc/arm-none-eabi/6.3.1/../../../../arm-none-eabi/lib/thumb/v7e-m\libc.a(lib_a-mprec.o)
                0x00407b90                __mprec_bigtens
 .rodata.__mprec_tens
                0x00407bb8       0xc8 c:/program files (x86)/atmel/studio/7.0/toolchain/arm/arm-gnu-toolchain/bin/../lib/gcc/arm-none-eabi/6.3.1/../../../../arm-none-eabi/lib/thumb/v7e-m\libc.a(lib_a-mprec.o)
                0x00407bb8                __mprec_tens
 .rodata.p05.6055
                0x00407c80        0xc c:/program files (x86)/atmel/studio/7.0/toolchain/arm/arm-gnu-toolchain/bin/../lib/gcc/arm-none-eabi/6.3.1/../../../../arm-none-eabi/lib/thumb/v7e-m\libc.a(lib_a-mprec.o)
 .rodata._setlocale_r.str1.4
                0x00407c8c        0xa c:/program files (x86)/atmel/studio/7.0/toolchain/arm/arm-gnu-toolchain/bin/../lib/gcc/arm-none-eabi/6.3.1/../../../../arm-none-eabi/lib/thumb/v7e-m\libc.a(lib_a-locale.o)
                                  0xd (size before relaxing)
 *fill*         0x00407c96        0x2 
 .rodata.str1.4
                0x00407c98        0x4 c:/program files (x86)/atmel/studio/7.0/toolchain/arm/arm-gnu-toolchain/bin/../lib/gcc/arm-none-eabi/6.3.1/../../../../arm-none-eabi/lib/thumb/v7e-m\libc.a(lib_a-locale.o)
                                  0x2 (size before relaxing)
 .rodata._ctype_
                0x00407c9c      0x101 c:/program files (x86)/atmel/studio/7.0/toolchain/arm/arm-gnu-toolchain/bin/../lib/gcc/arm-none-eabi/6.3.1/../../../../arm-none-eabi/lib/thumb/v7e-m\libc.a(lib_a-ctype_.o)
                0x00407c9c                _ctype_
 *(.ARM.extab* .gnu.linkonce.armextab.*)
                0x00407da0                . = ALIGN (0x4)
 *fill*         0x00407d9d        0x3 
 *(.init)
 .init          0x00407da0        0x4 c:/program files (x86)/atmel/studio/7.0/toolchain/arm/arm-gnu-toolchain/bin/../lib/gcc/arm-none-eabi/6.3.1/thumb/v7e-m/crti.o
                0x00407da0                _init
 .init          0x00407da4        0x8 c:/program files (x86)/atmel/studio/7.0/toolchain/arm/arm-gnu-toolchain/bin/../lib/gcc/arm-none-eabi/6.3.1/thumb/v7e-m/crtn.o
                0x00407dac                . = ALIGN (0x4)
                0x00407dac                __preinit_array_start = .
 *(.preinit_array)
                0x00407dac                __preinit_array_end = .
                0x00407dac                . = ALIGN (0x4)
                0x00407dac                __init_array_start = .
 *(SORT(.init_array.*))
 .init_array.00000
                0x00407dac        0x4 c:/program files (x86)/atmel/studio/7.0/toolchain/arm/arm-gnu-toolchain/bin/../lib/gcc/arm-none-eabi/6.3.1/../../../../arm-none-eabi/lib/thumb/v7e-m\libc.a(lib_a-__call_atexit.o)
 *(.init_array)
 .init_array    0x00407db0        0x4 c:/program files (x86)/atmel/studio/7.0/toolchain/arm/arm-gnu-toolchain/bin/../lib/gcc/arm-none-eabi/6.3.1/thumb/v7e-m/crtbegin.o
                0x00407db4                __init_array_end = .
                0x00407db4                . = ALIGN (0x4)
 *crtbegin.o(.ctors)
 *(EXCLUDE_FILE(*crtend.o) .ctors)
 *(SORT(.ctors.*))
 *crtend.o(.ctors)
                0x00407db4                . = ALIGN (0x4)
 *(.fini)
 .fini          0x00407db4        0x4 c:/program files (x86)/atmel/studio/7.0/toolchain/arm/arm-gnu-toolchain/bin/../lib/gcc/arm-none-eabi/6.3.1/thumb/v7e-m/crti.o
                0x00407db4                _fini
 .fini          0x00407db8        0x8 c:/program files (x86)/atmel/studio/7.0/toolchain/arm/arm-gnu-toolchain/bin/../lib/gcc/arm-none-eabi/6.3.1/thumb/v7e-m/crtn.o
                0x00407dc0                . = ALIGN (0x4)
                0x00407dc0                __fini_array_start = .
 *(.fini_array)
 .fini_array    0x00407dc0        0x4 c:/program files (x86)/atmel/studio/7.0/toolchain/arm/arm-gnu-toolchain/bin/../lib/gcc/arm-none-eabi/6.3.1/thumb/v7e-m/crtbegin.o
 *(SORT(.fini_array.*))
                0x00407dc4                __fini_array_end = .
 *crtbegin.o(.dtors)
 *(EXCLUDE_FILE(*crtend.o) .dtors)
 *(SORT(.dtors.*))
 *crtend.o(.dtors)
                0x00407dc4                . = ALIGN (0x4)
                0x00407dc4                _efixed = .
                [!provide]                PROVIDE (__exidx_start, .)

.vfp11_veneer   0x00407dc4        0x0
 .vfp11_veneer  0x00407dc4        0x0 linker stubs

.v4_bx          0x00407dc4        0x0
 .v4_bx         0x00407dc4        0x0 linker stubs

.iplt           0x00407dc4        0x0
 .iplt          0x00407dc4        0x0 c:/program files (x86)/atmel/studio/7.0/toolchain/arm/arm-gnu-toolchain/bin/../lib/gcc/arm-none-eabi/6.3.1/thumb/v7e-m/crtbegin.o

.ARM.exidx      0x00407dc4        0x8
 *(.ARM.exidx* .gnu.linkonce.armexidx.*)
 .ARM.exidx     0x00407dc4        0x8 c:/program files (x86)/atmel/studio/7.0/toolchain/arm/arm-gnu-toolchain/bin/../lib/gcc/arm-none-eabi/6.3.1/thumb/v7e-m\libgcc.a(_udivmoddi4.o)
                [!provide]                PROVIDE (__exidx_end, .)

.eh_frame       0x00407dcc        0x0
 .eh_frame      0x00407dcc        0x0 c:/program files (x86)/atmel/studio/7.0/toolchain/arm/arm-gnu-toolchain/bin/../lib/gcc/arm-none-eabi/6.3.1/thumb/v7e-m/crtbegin.o

.rel.dyn        0x00407dcc        0x0
 .rel.iplt      0x00407dcc        0x0 c:/program files (x86)/atmel/studio/7.0/toolchain/arm/arm-gnu-toolchain/bin/../lib/gcc/arm-none-eabi/6.3.1/thumb/v7e-m/crtbegin.o

.jcr            0x00407dcc        0x0
 .jcr           0x00407dcc        0x0 c:/program files (x86)/atmel/studio/7.0/toolchain/arm/arm-gnu-toolchain/bin/../lib/gcc/arm-none-eabi/6.3.1/thumb/v7e-m/crtbegin.o

.igot.plt       0x00407dcc        0x0
 .igot.plt      0x00407dcc        0x0 c:/program files (x86)/atmel/studio/7.0/toolchain/arm/arm-gnu-toolchain/bin/../lib/gcc/arm-none-eabi/6.3.1/thumb/v7e-m/crtbegin.o
                0x00407dcc                . = ALIGN (0x4)
                0x00407dcc                _etext = .

.relocate       0x20400000      0x9b8 load address 0x00407dcc
                0x20400000                . = ALIGN (0x4)
                0x20400000                _srelocate = .
 *(.ramfunc .ramfunc.*)
 *(.data .data.*)
 .data.g_interrupt_enabled
                0x20400000        0x1 src/ASF/common/utils/interrupt/interrupt_sam_nvic.o
                0x20400000                g_interrupt_enabled
 *fill*         0x20400001        0x3 
 .data.SystemCoreClock
                0x20400004        0x4 src/ASF/sam/utils/cmsis/same70/source/templates/system_same70.o
                0x20400004                SystemCoreClock
 .data._impure_ptr
                0x20400008        0x4 c:/program files (x86)/atmel/studio/7.0/toolchain/arm/arm-gnu-toolchain/bin/../lib/gcc/arm-none-eabi/6.3.1/../../../../arm-none-eabi/lib/thumb/v7e-m\libc.a(lib_a-impure.o)
                0x20400008                _impure_ptr
 *fill*         0x2040000c        0x4 
 .data.impure_data
                0x20400010      0x428 c:/program files (x86)/atmel/studio/7.0/toolchain/arm/arm-gnu-toolchain/bin/../lib/gcc/arm-none-eabi/6.3.1/../../../../arm-none-eabi/lib/thumb/v7e-m\libc.a(lib_a-impure.o)
 .data.__atexit_recursive_mutex
                0x20400438        0x4 c:/program files (x86)/atmel/studio/7.0/toolchain/arm/arm-gnu-toolchain/bin/../lib/gcc/arm-none-eabi/6.3.1/../../../../arm-none-eabi/lib/thumb/v7e-m\libc.a(lib_a-__call_atexit.o)
                0x20400438                __atexit_recursive_mutex
 .data.__malloc_av_
                0x2040043c      0x408 c:/program files (x86)/atmel/studio/7.0/toolchain/arm/arm-gnu-toolchain/bin/../lib/gcc/arm-none-eabi/6.3.1/../../../../arm-none-eabi/lib/thumb/v7e-m\libc.a(lib_a-mallocr.o)
                0x2040043c                __malloc_av_
 .data.__malloc_sbrk_base
                0x20400844        0x4 c:/program files (x86)/atmel/studio/7.0/toolchain/arm/arm-gnu-toolchain/bin/../lib/gcc/arm-none-eabi/6.3.1/../../../../arm-none-eabi/lib/thumb/v7e-m\libc.a(lib_a-mallocr.o)
                0x20400844                __malloc_sbrk_base
 .data.__malloc_trim_threshold
                0x20400848        0x4 c:/program files (x86)/atmel/studio/7.0/toolchain/arm/arm-gnu-toolchain/bin/../lib/gcc/arm-none-eabi/6.3.1/../../../../arm-none-eabi/lib/thumb/v7e-m\libc.a(lib_a-mallocr.o)
                0x20400848                __malloc_trim_threshold
 .data.__global_locale
                0x2040084c      0x16c c:/program files (x86)/atmel/studio/7.0/toolchain/arm/arm-gnu-toolchain/bin/../lib/gcc/arm-none-eabi/6.3.1/../../../../arm-none-eabi/lib/thumb/v7e-m\libc.a(lib_a-locale.o)
                0x2040084c                __global_locale
                0x204009b8                . = ALIGN (0x4)
                0x204009b8                _erelocate = .

.bss            0x204009b8       0xfc load address 0x00408784
                0x204009b8                . = ALIGN (0x4)
                0x204009b8                _sbss = .
                0x204009b8                _szero = .
 *(.bss .bss.*)
 .bss           0x204009b8       0x1c c:/program files (x86)/atmel/studio/7.0/toolchain/arm/arm-gnu-toolchain/bin/../lib/gcc/arm-none-eabi/6.3.1/thumb/v7e-m/crtbegin.o
 .bss.gs_interrupt_sources
                0x204009d4       0x70 src/ASF/sam/drivers/pio/pio_handler.o
 .bss.ul_reg_val.9325
                0x20400a44        0x4 src/ASF/sam/drivers/usart/usart.o
 .bss.heap.6420
                0x20400a48        0x4 src/ASF/sam/utils/syscalls/gcc/syscalls.o
 .bss.__malloc_current_mallinfo
                0x20400a4c       0x28 c:/program files (x86)/atmel/studio/7.0/toolchain/arm/arm-gnu-toolchain/bin/../lib/gcc/arm-none-eabi/6.3.1/../../../../arm-none-eabi/lib/thumb/v7e-m\libc.a(lib_a-mallocr.o)
                0x20400a4c                __malloc_current_mallinfo
 .bss.__malloc_max_sbrked_mem
                0x20400a74        0x4 c:/program files (x86)/atmel/studio/7.0/toolchain/arm/arm-gnu-toolchain/bin/../lib/gcc/arm-none-eabi/6.3.1/../../../../arm-none-eabi/lib/thumb/v7e-m\libc.a(lib_a-mallocr.o)
                0x20400a74                __malloc_max_sbrked_mem
 .bss.__malloc_max_total_mem
                0x20400a78        0x4 c:/program files (x86)/atmel/studio/7.0/toolchain/arm/arm-gnu-toolchain/bin/../lib/gcc/arm-none-eabi/6.3.1/../../../../arm-none-eabi/lib/thumb/v7e-m\libc.a(lib_a-mallocr.o)
                0x20400a78                __malloc_max_total_mem
 .bss.__malloc_top_pad
                0x20400a7c        0x4 c:/program files (x86)/atmel/studio/7.0/toolchain/arm/arm-gnu-toolchain/bin/../lib/gcc/arm-none-eabi/6.3.1/../../../../arm-none-eabi/lib/thumb/v7e-m\libc.a(lib_a-mallocr.o)
                0x20400a7c                __malloc_top_pad
 *(COMMON)
 COMMON         0x20400a80        0x4 src/ASF/common/utils/stdio/read.o
                0x20400a80                ptr_get
 COMMON         0x20400a84        0x8 src/ASF/common/utils/stdio/write.o
                0x20400a84                ptr_put
                0x20400a88                stdio_base
 COMMON         0x20400a8c       0x21 c:/program files (x86)/atmel/studio/7.0/toolchain/arm/arm-gnu-toolchain/bin/../lib/gcc/arm-none-eabi/6.3.1/../../../../arm-none-eabi/lib/thumb/v7e-m\libc.a(lib_a-lock.o)
                0x20400a8c                __lock___atexit_recursive_mutex
                0x20400a90                __lock___arc4random_mutex
                0x20400a94                __lock___env_recursive_mutex
                0x20400a98                __lock___sinit_recursive_mutex
                0x20400a9c                __lock___malloc_recursive_mutex
                0x20400aa0                __lock___at_quick_exit_mutex
                0x20400aa4                __lock___dd_hash_mutex
                0x20400aa8                __lock___tz_mutex
                0x20400aac                __lock___sfp_recursive_mutex
 *fill*         0x20400aad        0x3 
 COMMON         0x20400ab0        0x4 c:/program files (x86)/atmel/studio/7.0/toolchain/arm/arm-gnu-toolchain/bin/../lib/gcc/arm-none-eabi/6.3.1/../../../../arm-none-eabi/lib/thumb/v7e-m\libc.a(lib_a-reent.o)
                0x20400ab0                errno
                0x20400ab4                . = ALIGN (0x4)
                0x20400ab4                _ebss = .
                0x20400ab4                _ezero = .

.stack          0x20400ab4     0x2004 load address 0x00408880
                0x20400ab8                . = ALIGN (0x8)
 *fill*         0x20400ab4        0x4 
                0x20400ab8                _sstack = .
                0x20402ab8                . = (. + STACK_SIZE)
 *fill*         0x20400ab8     0x2000 
                0x20402ab8                . = ALIGN (0x8)
                0x20402ab8                _estack = .

.heap           0x20402ab8      0x200 load address 0x0040a884
                0x20402ab8                . = ALIGN (0x8)
                0x20402ab8                _sheap = .
                0x20402cb8                . = (. + HEAP_SIZE)
 *fill*         0x20402ab8      0x200 
                0x20402cb8                . = ALIGN (0x8)
                0x20402cb8                _eheap = .
                0x20402cb8                . = ALIGN (0x4)
                0x20402cb8                _end = .
                0x2045ffff                _ram_end_ = ((ORIGIN (ram) + LENGTH (ram)) - 0x1)
OUTPUT(testeI2C.elf elf32-littlearm)

.ARM.attributes
                0x00000000       0x2e
 .ARM.attributes
                0x00000000       0x1e c:/program files (x86)/atmel/studio/7.0/toolchain/arm/arm-gnu-toolchain/bin/../lib/gcc/arm-none-eabi/6.3.1/thumb/v7e-m/crti.o
 .ARM.attributes
                0x0000001e       0x2e c:/program files (x86)/atmel/studio/7.0/toolchain/arm/arm-gnu-toolchain/bin/../lib/gcc/arm-none-eabi/6.3.1/thumb/v7e-m/crtbegin.o
 .ARM.attributes
                0x0000004c       0x37 src/ASF/common/services/clock/same70/sysclk.o
 .ARM.attributes
                0x00000083       0x37 src/ASF/common/utils/interrupt/interrupt_sam_nvic.o
 .ARM.attributes
                0x000000ba       0x37 src/ASF/common/utils/stdio/read.o
 .ARM.attributes
                0x000000f1       0x37 src/ASF/common/utils/stdio/write.o
 .ARM.attributes
                0x00000128       0x37 src/ASF/sam/boards/same70_xplained/init.o
 .ARM.attributes
                0x0000015f       0x37 src/ASF/sam/drivers/pio/pio.o
 .ARM.attributes
                0x00000196       0x37 src/ASF/sam/drivers/pio/pio_handler.o
 .ARM.attributes
                0x000001cd       0x37 src/ASF/sam/drivers/pmc/pmc.o
 .ARM.attributes
                0x00000204       0x37 src/ASF/sam/drivers/twihs/twihs.o
 .ARM.attributes
                0x0000023b       0x37 src/ASF/sam/drivers/uart/uart.o
 .ARM.attributes
                0x00000272       0x37 src/ASF/sam/drivers/usart/usart.o
 .ARM.attributes
                0x000002a9       0x37 src/ASF/sam/utils/cmsis/same70/source/templates/gcc/startup_same70.o
 .ARM.attributes
                0x000002e0       0x37 src/ASF/sam/utils/cmsis/same70/source/templates/system_same70.o
 .ARM.attributes
                0x00000317       0x37 src/ASF/sam/utils/syscalls/gcc/syscalls.o
 .ARM.attributes
                0x0000034e       0x37 src/main.o
 .ARM.attributes
                0x00000385       0x2e c:/program files (x86)/atmel/studio/7.0/toolchain/arm/arm-gnu-toolchain/bin/../lib/gcc/arm-none-eabi/6.3.1/../../../../arm-none-eabi/lib/thumb/v7e-m\libc.a(lib_a-impure.o)
 .ARM.attributes
                0x000003b3       0x2e c:/program files (x86)/atmel/studio/7.0/toolchain/arm/arm-gnu-toolchain/bin/../lib/gcc/arm-none-eabi/6.3.1/../../../../arm-none-eabi/lib/thumb/v7e-m\libc.a(lib_a-init.o)
 .ARM.attributes
                0x000003e1       0x2e c:/program files (x86)/atmel/studio/7.0/toolchain/arm/arm-gnu-toolchain/bin/../lib/gcc/arm-none-eabi/6.3.1/../../../../arm-none-eabi/lib/thumb/v7e-m\libc.a(lib_a-memset.o)
 .ARM.attributes
                0x0000040f       0x2e c:/program files (x86)/atmel/studio/7.0/toolchain/arm/arm-gnu-toolchain/bin/../lib/gcc/arm-none-eabi/6.3.1/../../../../arm-none-eabi/lib/thumb/v7e-m\libc.a(lib_a-printf.o)
 .ARM.attributes
                0x0000043d       0x2e c:/program files (x86)/atmel/studio/7.0/toolchain/arm/arm-gnu-toolchain/bin/../lib/gcc/arm-none-eabi/6.3.1/../../../../arm-none-eabi/lib/thumb/v7e-m\libc.a(lib_a-puts.o)
 .ARM.attributes
                0x0000046b       0x2e c:/program files (x86)/atmel/studio/7.0/toolchain/arm/arm-gnu-toolchain/bin/../lib/gcc/arm-none-eabi/6.3.1/../../../../arm-none-eabi/lib/thumb/v7e-m\libc.a(lib_a-setbuf.o)
 .ARM.attributes
                0x00000499       0x2e c:/program files (x86)/atmel/studio/7.0/toolchain/arm/arm-gnu-toolchain/bin/../lib/gcc/arm-none-eabi/6.3.1/../../../../arm-none-eabi/lib/thumb/v7e-m\libc.a(lib_a-setvbuf.o)
 .ARM.attributes
                0x000004c7       0x1c c:/program files (x86)/atmel/studio/7.0/toolchain/arm/arm-gnu-toolchain/bin/../lib/gcc/arm-none-eabi/6.3.1/../../../../arm-none-eabi/lib/thumb/v7e-m\libc.a(lib_a-strlen.o)
 .ARM.attributes
                0x000004e3       0x2e c:/program files (x86)/atmel/studio/7.0/toolchain/arm/arm-gnu-toolchain/bin/../lib/gcc/arm-none-eabi/6.3.1/../../../../arm-none-eabi/lib/thumb/v7e-m\libc.a(lib_a-vfprintf.o)
 .ARM.attributes
                0x00000511       0x2e c:/program files (x86)/atmel/studio/7.0/toolchain/arm/arm-gnu-toolchain/bin/../lib/gcc/arm-none-eabi/6.3.1/../../../../arm-none-eabi/lib/thumb/v7e-m\libc.a(lib_a-wsetup.o)
 .ARM.attributes
                0x0000053f       0x2e c:/program files (x86)/atmel/studio/7.0/toolchain/arm/arm-gnu-toolchain/bin/../lib/gcc/arm-none-eabi/6.3.1/../../../../arm-none-eabi/lib/thumb/v7e-m\libc.a(lib_a-__call_atexit.o)
 .ARM.attributes
                0x0000056d       0x2e c:/program files (x86)/atmel/studio/7.0/toolchain/arm/arm-gnu-toolchain/bin/../lib/gcc/arm-none-eabi/6.3.1/../../../../arm-none-eabi/lib/thumb/v7e-m\libc.a(lib_a-atexit.o)
 .ARM.attributes
                0x0000059b       0x2e c:/program files (x86)/atmel/studio/7.0/toolchain/arm/arm-gnu-toolchain/bin/../lib/gcc/arm-none-eabi/6.3.1/../../../../arm-none-eabi/lib/thumb/v7e-m\libc.a(lib_a-dtoa.o)
 .ARM.attributes
                0x000005c9       0x2e c:/program files (x86)/atmel/studio/7.0/toolchain/arm/arm-gnu-toolchain/bin/../lib/gcc/arm-none-eabi/6.3.1/../../../../arm-none-eabi/lib/thumb/v7e-m\libc.a(lib_a-fflush.o)
 .ARM.attributes
                0x000005f7       0x2e c:/program files (x86)/atmel/studio/7.0/toolchain/arm/arm-gnu-toolchain/bin/../lib/gcc/arm-none-eabi/6.3.1/../../../../arm-none-eabi/lib/thumb/v7e-m\libc.a(lib_a-findfp.o)
 .ARM.attributes
                0x00000625       0x2e c:/program files (x86)/atmel/studio/7.0/toolchain/arm/arm-gnu-toolchain/bin/../lib/gcc/arm-none-eabi/6.3.1/../../../../arm-none-eabi/lib/thumb/v7e-m\libc.a(lib_a-fini.o)
 .ARM.attributes
                0x00000653       0x2e c:/program files (x86)/atmel/studio/7.0/toolchain/arm/arm-gnu-toolchain/bin/../lib/gcc/arm-none-eabi/6.3.1/../../../../arm-none-eabi/lib/thumb/v7e-m\libc.a(lib_a-freer.o)
 .ARM.attributes
                0x00000681       0x2e c:/program files (x86)/atmel/studio/7.0/toolchain/arm/arm-gnu-toolchain/bin/../lib/gcc/arm-none-eabi/6.3.1/../../../../arm-none-eabi/lib/thumb/v7e-m\libc.a(lib_a-fvwrite.o)
 .ARM.attributes
                0x000006af       0x2e c:/program files (x86)/atmel/studio/7.0/toolchain/arm/arm-gnu-toolchain/bin/../lib/gcc/arm-none-eabi/6.3.1/../../../../arm-none-eabi/lib/thumb/v7e-m\libc.a(lib_a-fwalk.o)
 .ARM.attributes
                0x000006dd       0x2e c:/program files (x86)/atmel/studio/7.0/toolchain/arm/arm-gnu-toolchain/bin/../lib/gcc/arm-none-eabi/6.3.1/../../../../arm-none-eabi/lib/thumb/v7e-m\libc.a(lib_a-localeconv.o)
 .ARM.attributes
                0x0000070b       0x2e c:/program files (x86)/atmel/studio/7.0/toolchain/arm/arm-gnu-toolchain/bin/../lib/gcc/arm-none-eabi/6.3.1/../../../../arm-none-eabi/lib/thumb/v7e-m\libc.a(lib_a-lock.o)
 .ARM.attributes
                0x00000739       0x2e c:/program files (x86)/atmel/studio/7.0/toolchain/arm/arm-gnu-toolchain/bin/../lib/gcc/arm-none-eabi/6.3.1/../../../../arm-none-eabi/lib/thumb/v7e-m\libc.a(lib_a-makebuf.o)
 .ARM.attributes
                0x00000767       0x2e c:/program files (x86)/atmel/studio/7.0/toolchain/arm/arm-gnu-toolchain/bin/../lib/gcc/arm-none-eabi/6.3.1/../../../../arm-none-eabi/lib/thumb/v7e-m\libc.a(lib_a-malloc.o)
 .ARM.attributes
                0x00000795       0x2e c:/program files (x86)/atmel/studio/7.0/toolchain/arm/arm-gnu-toolchain/bin/../lib/gcc/arm-none-eabi/6.3.1/../../../../arm-none-eabi/lib/thumb/v7e-m\libc.a(lib_a-mallocr.o)
 .ARM.attributes
                0x000007c3       0x1c c:/program files (x86)/atmel/studio/7.0/toolchain/arm/arm-gnu-toolchain/bin/../lib/gcc/arm-none-eabi/6.3.1/../../../../arm-none-eabi/lib/thumb/v7e-m\libc.a(lib_a-memchr.o)
 .ARM.attributes
                0x000007df       0x1c c:/program files (x86)/atmel/studio/7.0/toolchain/arm/arm-gnu-toolchain/bin/../lib/gcc/arm-none-eabi/6.3.1/../../../../arm-none-eabi/lib/thumb/v7e-m\libc.a(lib_a-memcpy.o)
 .ARM.attributes
                0x000007fb       0x2e c:/program files (x86)/atmel/studio/7.0/toolchain/arm/arm-gnu-toolchain/bin/../lib/gcc/arm-none-eabi/6.3.1/../../../../arm-none-eabi/lib/thumb/v7e-m\libc.a(lib_a-memmove.o)
 .ARM.attributes
                0x00000829       0x2e c:/program files (x86)/atmel/studio/7.0/toolchain/arm/arm-gnu-toolchain/bin/../lib/gcc/arm-none-eabi/6.3.1/../../../../arm-none-eabi/lib/thumb/v7e-m\libc.a(lib_a-mlock.o)
 .ARM.attributes
                0x00000857       0x2e c:/program files (x86)/atmel/studio/7.0/toolchain/arm/arm-gnu-toolchain/bin/../lib/gcc/arm-none-eabi/6.3.1/../../../../arm-none-eabi/lib/thumb/v7e-m\libc.a(lib_a-mprec.o)
 .ARM.attributes
                0x00000885       0x2e c:/program files (x86)/atmel/studio/7.0/toolchain/arm/arm-gnu-toolchain/bin/../lib/gcc/arm-none-eabi/6.3.1/../../../../arm-none-eabi/lib/thumb/v7e-m\libc.a(lib_a-reallocr.o)
 .ARM.attributes
                0x000008b3       0x2e c:/program files (x86)/atmel/studio/7.0/toolchain/arm/arm-gnu-toolchain/bin/../lib/gcc/arm-none-eabi/6.3.1/../../../../arm-none-eabi/lib/thumb/v7e-m\libc.a(lib_a-sbrkr.o)
 .ARM.attributes
                0x000008e1       0x2e c:/program files (x86)/atmel/studio/7.0/toolchain/arm/arm-gnu-toolchain/bin/../lib/gcc/arm-none-eabi/6.3.1/../../../../arm-none-eabi/lib/thumb/v7e-m\libc.a(lib_a-stdio.o)
 .ARM.attributes
                0x0000090f       0x2e c:/program files (x86)/atmel/studio/7.0/toolchain/arm/arm-gnu-toolchain/bin/../lib/gcc/arm-none-eabi/6.3.1/../../../../arm-none-eabi/lib/thumb/v7e-m\libc.a(lib_a-vfiprintf.o)
 .ARM.attributes
                0x0000093d       0x2e c:/program files (x86)/atmel/studio/7.0/toolchain/arm/arm-gnu-toolchain/bin/../lib/gcc/arm-none-eabi/6.3.1/../../../../arm-none-eabi/lib/thumb/v7e-m\libc.a(lib_a-writer.o)
 .ARM.attributes
                0x0000096b       0x2e c:/program files (x86)/atmel/studio/7.0/toolchain/arm/arm-gnu-toolchain/bin/../lib/gcc/arm-none-eabi/6.3.1/../../../../arm-none-eabi/lib/thumb/v7e-m\libc.a(lib_a-__atexit.o)
 .ARM.attributes
                0x00000999       0x2e c:/program files (x86)/atmel/studio/7.0/toolchain/arm/arm-gnu-toolchain/bin/../lib/gcc/arm-none-eabi/6.3.1/../../../../arm-none-eabi/lib/thumb/v7e-m\libc.a(lib_a-callocr.o)
 .ARM.attributes
                0x000009c7       0x2e c:/program files (x86)/atmel/studio/7.0/toolchain/arm/arm-gnu-toolchain/bin/../lib/gcc/arm-none-eabi/6.3.1/../../../../arm-none-eabi/lib/thumb/v7e-m\libc.a(lib_a-closer.o)
 .ARM.attributes
                0x000009f5       0x2e c:/program files (x86)/atmel/studio/7.0/toolchain/arm/arm-gnu-toolchain/bin/../lib/gcc/arm-none-eabi/6.3.1/../../../../arm-none-eabi/lib/thumb/v7e-m\libc.a(lib_a-fclose.o)
 .ARM.attributes
                0x00000a23       0x2e c:/program files (x86)/atmel/studio/7.0/toolchain/arm/arm-gnu-toolchain/bin/../lib/gcc/arm-none-eabi/6.3.1/../../../../arm-none-eabi/lib/thumb/v7e-m\libc.a(lib_a-fputwc.o)
 .ARM.attributes
                0x00000a51       0x2e c:/program files (x86)/atmel/studio/7.0/toolchain/arm/arm-gnu-toolchain/bin/../lib/gcc/arm-none-eabi/6.3.1/../../../../arm-none-eabi/lib/thumb/v7e-m\libc.a(lib_a-fstatr.o)
 .ARM.attributes
                0x00000a7f       0x2e c:/program files (x86)/atmel/studio/7.0/toolchain/arm/arm-gnu-toolchain/bin/../lib/gcc/arm-none-eabi/6.3.1/../../../../arm-none-eabi/lib/thumb/v7e-m\libc.a(lib_a-isattyr.o)
 .ARM.attributes
                0x00000aad       0x2e c:/program files (x86)/atmel/studio/7.0/toolchain/arm/arm-gnu-toolchain/bin/../lib/gcc/arm-none-eabi/6.3.1/../../../../arm-none-eabi/lib/thumb/v7e-m\libc.a(lib_a-locale.o)
 .ARM.attributes
                0x00000adb       0x2e c:/program files (x86)/atmel/studio/7.0/toolchain/arm/arm-gnu-toolchain/bin/../lib/gcc/arm-none-eabi/6.3.1/../../../../arm-none-eabi/lib/thumb/v7e-m\libc.a(lib_a-lseekr.o)
 .ARM.attributes
                0x00000b09       0x2e c:/program files (x86)/atmel/studio/7.0/toolchain/arm/arm-gnu-toolchain/bin/../lib/gcc/arm-none-eabi/6.3.1/../../../../arm-none-eabi/lib/thumb/v7e-m\libc.a(lib_a-mbtowc_r.o)
 .ARM.attributes
                0x00000b37       0x2e c:/program files (x86)/atmel/studio/7.0/toolchain/arm/arm-gnu-toolchain/bin/../lib/gcc/arm-none-eabi/6.3.1/../../../../arm-none-eabi/lib/thumb/v7e-m\libc.a(lib_a-readr.o)
 .ARM.attributes
                0x00000b65       0x2e c:/program files (x86)/atmel/studio/7.0/toolchain/arm/arm-gnu-toolchain/bin/../lib/gcc/arm-none-eabi/6.3.1/../../../../arm-none-eabi/lib/thumb/v7e-m\libc.a(lib_a-reent.o)
 .ARM.attributes
                0x00000b93       0x2e c:/program files (x86)/atmel/studio/7.0/toolchain/arm/arm-gnu-toolchain/bin/../lib/gcc/arm-none-eabi/6.3.1/../../../../arm-none-eabi/lib/thumb/v7e-m\libc.a(lib_a-wbuf.o)
 .ARM.attributes
                0x00000bc1       0x2e c:/program files (x86)/atmel/studio/7.0/toolchain/arm/arm-gnu-toolchain/bin/../lib/gcc/arm-none-eabi/6.3.1/../../../../arm-none-eabi/lib/thumb/v7e-m\libc.a(lib_a-wcrtomb.o)
 .ARM.attributes
                0x00000bef       0x2e c:/program files (x86)/atmel/studio/7.0/toolchain/arm/arm-gnu-toolchain/bin/../lib/gcc/arm-none-eabi/6.3.1/../../../../arm-none-eabi/lib/thumb/v7e-m\libc.a(lib_a-wctomb_r.o)
 .ARM.attributes
                0x00000c1d       0x2e c:/program files (x86)/atmel/studio/7.0/toolchain/arm/arm-gnu-toolchain/bin/../lib/gcc/arm-none-eabi/6.3.1/../../../../arm-none-eabi/lib/thumb/v7e-m\libc.a(lib_a-ctype_.o)
 .ARM.attributes
                0x00000c4b       0x1e c:/program files (x86)/atmel/studio/7.0/toolchain/arm/arm-gnu-toolchain/bin/../lib/gcc/arm-none-eabi/6.3.1/thumb/v7e-m\libgcc.a(_arm_addsubdf3.o)
 .ARM.attributes
                0x00000c69       0x1e c:/program files (x86)/atmel/studio/7.0/toolchain/arm/arm-gnu-toolchain/bin/../lib/gcc/arm-none-eabi/6.3.1/thumb/v7e-m\libgcc.a(_arm_muldivdf3.o)
 .ARM.attributes
                0x00000c87       0x1e c:/program files (x86)/atmel/studio/7.0/toolchain/arm/arm-gnu-toolchain/bin/../lib/gcc/arm-none-eabi/6.3.1/thumb/v7e-m\libgcc.a(_arm_cmpdf2.o)
 .ARM.attributes
                0x00000ca5       0x1e c:/program files (x86)/atmel/studio/7.0/toolchain/arm/arm-gnu-toolchain/bin/../lib/gcc/arm-none-eabi/6.3.1/thumb/v7e-m\libgcc.a(_arm_unorddf2.o)
 .ARM.attributes
                0x00000cc3       0x1e c:/program files (x86)/atmel/studio/7.0/toolchain/arm/arm-gnu-toolchain/bin/../lib/gcc/arm-none-eabi/6.3.1/thumb/v7e-m\libgcc.a(_arm_fixdfsi.o)
 .ARM.attributes
                0x00000ce1       0x1e c:/program files (x86)/atmel/studio/7.0/toolchain/arm/arm-gnu-toolchain/bin/../lib/gcc/arm-none-eabi/6.3.1/thumb/v7e-m\libgcc.a(_aeabi_uldivmod.o)
 .ARM.attributes
                0x00000cff       0x2e c:/program files (x86)/atmel/studio/7.0/toolchain/arm/arm-gnu-toolchain/bin/../lib/gcc/arm-none-eabi/6.3.1/thumb/v7e-m\libgcc.a(_udivmoddi4.o)
 .ARM.attributes
                0x00000d2d       0x1e c:/program files (x86)/atmel/studio/7.0/toolchain/arm/arm-gnu-toolchain/bin/../lib/gcc/arm-none-eabi/6.3.1/thumb/v7e-m\libgcc.a(_dvmd_tls.o)
 .ARM.attributes
                0x00000d4b       0x1e c:/program files (x86)/atmel/studio/7.0/toolchain/arm/arm-gnu-toolchain/bin/../lib/gcc/arm-none-eabi/6.3.1/thumb/v7e-m/crtn.o

.comment        0x00000000       0x59
 .comment       0x00000000       0x59 src/ASF/common/services/clock/same70/sysclk.o
                                 0x5a (size before relaxing)
 .comment       0x00000059       0x5a src/ASF/common/utils/interrupt/interrupt_sam_nvic.o
 .comment       0x00000059       0x5a src/ASF/common/utils/stdio/read.o
 .comment       0x00000059       0x5a src/ASF/common/utils/stdio/write.o
 .comment       0x00000059       0x5a src/ASF/sam/boards/same70_xplained/init.o
 .comment       0x00000059       0x5a src/ASF/sam/drivers/pio/pio.o
 .comment       0x00000059       0x5a src/ASF/sam/drivers/pio/pio_handler.o
 .comment       0x00000059       0x5a src/ASF/sam/drivers/pmc/pmc.o
 .comment       0x00000059       0x5a src/ASF/sam/drivers/twihs/twihs.o
 .comment       0x00000059       0x5a src/ASF/sam/drivers/uart/uart.o
 .comment       0x00000059       0x5a src/ASF/sam/drivers/usart/usart.o
 .comment       0x00000059       0x5a src/ASF/sam/utils/cmsis/same70/source/templates/gcc/startup_same70.o
 .comment       0x00000059       0x5a src/ASF/sam/utils/cmsis/same70/source/templates/system_same70.o
 .comment       0x00000059       0x5a src/ASF/sam/utils/syscalls/gcc/syscalls.o
 .comment       0x00000059       0x5a src/main.o

.debug_info     0x00000000    0x14193
 .debug_info    0x00000000     0x12d4 src/ASF/common/services/clock/same70/sysclk.o
 .debug_info    0x000012d4      0xb06 src/ASF/common/utils/interrupt/interrupt_sam_nvic.o
 .debug_info    0x00001dda      0xab9 src/ASF/common/utils/stdio/read.o
 .debug_info    0x00002893      0xac2 src/ASF/common/utils/stdio/write.o
 .debug_info    0x00003355     0x2002 src/ASF/sam/boards/same70_xplained/init.o
 .debug_info    0x00005357     0x1cbf src/ASF/sam/drivers/pio/pio.o
 .debug_info    0x00007016     0x1a18 src/ASF/sam/drivers/pio/pio_handler.o
 .debug_info    0x00008a2e     0x1dc0 src/ASF/sam/drivers/pmc/pmc.o
 .debug_info    0x0000a7ee     0x1461 src/ASF/sam/drivers/twihs/twihs.o
 .debug_info    0x0000bc4f     0x105a src/ASF/sam/drivers/uart/uart.o
 .debug_info    0x0000cca9     0x20f5 src/ASF/sam/drivers/usart/usart.o
 .debug_info    0x0000ed9e     0x157c src/ASF/sam/utils/cmsis/same70/source/templates/gcc/startup_same70.o
 .debug_info    0x0001031a      0x55f src/ASF/sam/utils/cmsis/same70/source/templates/system_same70.o
 .debug_info    0x00010879      0xdbc src/ASF/sam/utils/syscalls/gcc/syscalls.o
 .debug_info    0x00011635     0x2b5e src/main.o

.debug_abbrev   0x00000000     0x252b
 .debug_abbrev  0x00000000      0x296 src/ASF/common/services/clock/same70/sysclk.o
 .debug_abbrev  0x00000296      0x214 src/ASF/common/utils/interrupt/interrupt_sam_nvic.o
 .debug_abbrev  0x000004aa      0x1da src/ASF/common/utils/stdio/read.o
 .debug_abbrev  0x00000684      0x1da src/ASF/common/utils/stdio/write.o
 .debug_abbrev  0x0000085e      0x3eb src/ASF/sam/boards/same70_xplained/init.o
 .debug_abbrev  0x00000c49      0x296 src/ASF/sam/drivers/pio/pio.o
 .debug_abbrev  0x00000edf      0x2c9 src/ASF/sam/drivers/pio/pio_handler.o
 .debug_abbrev  0x000011a8      0x2c5 src/ASF/sam/drivers/pmc/pmc.o
 .debug_abbrev  0x0000146d      0x28f src/ASF/sam/drivers/twihs/twihs.o
 .debug_abbrev  0x000016fc      0x234 src/ASF/sam/drivers/uart/uart.o
 .debug_abbrev  0x00001930      0x287 src/ASF/sam/drivers/usart/usart.o
 .debug_abbrev  0x00001bb7      0x2e8 src/ASF/sam/utils/cmsis/same70/source/templates/gcc/startup_same70.o
 .debug_abbrev  0x00001e9f      0x102 src/ASF/sam/utils/cmsis/same70/source/templates/system_same70.o
 .debug_abbrev  0x00001fa1      0x22a src/ASF/sam/utils/syscalls/gcc/syscalls.o
 .debug_abbrev  0x000021cb      0x360 src/main.o

.debug_loc      0x00000000     0x71c8
 .debug_loc     0x00000000      0x4a0 src/ASF/common/services/clock/same70/sysclk.o
 .debug_loc     0x000004a0       0xa0 src/ASF/common/utils/interrupt/interrupt_sam_nvic.o
 .debug_loc     0x00000540       0x50 src/ASF/common/utils/stdio/read.o
 .debug_loc     0x00000590       0x50 src/ASF/common/utils/stdio/write.o
 .debug_loc     0x000005e0      0x358 src/ASF/sam/boards/same70_xplained/init.o
 .debug_loc     0x00000938     0x1174 src/ASF/sam/drivers/pio/pio.o
 .debug_loc     0x00001aac      0x38c src/ASF/sam/drivers/pio/pio_handler.o
 .debug_loc     0x00001e38     0x1714 src/ASF/sam/drivers/pmc/pmc.o
 .debug_loc     0x0000354c      0x978 src/ASF/sam/drivers/twihs/twihs.o
 .debug_loc     0x00003ec4      0x8a0 src/ASF/sam/drivers/uart/uart.o
 .debug_loc     0x00004764     0x1e4c src/ASF/sam/drivers/usart/usart.o
 .debug_loc     0x000065b0      0x16c src/ASF/sam/utils/cmsis/same70/source/templates/gcc/startup_same70.o
 .debug_loc     0x0000671c       0xe4 src/ASF/sam/utils/cmsis/same70/source/templates/system_same70.o
 .debug_loc     0x00006800      0x324 src/ASF/sam/utils/syscalls/gcc/syscalls.o
 .debug_loc     0x00006b24      0x6a4 src/main.o

.debug_aranges  0x00000000      0xc10
 .debug_aranges
                0x00000000       0x98 src/ASF/common/services/clock/same70/sysclk.o
 .debug_aranges
                0x00000098       0x28 src/ASF/common/utils/interrupt/interrupt_sam_nvic.o
 .debug_aranges
                0x000000c0       0x20 src/ASF/common/utils/stdio/read.o
 .debug_aranges
                0x000000e0       0x20 src/ASF/common/utils/stdio/write.o
 .debug_aranges
                0x00000100       0x70 src/ASF/sam/boards/same70_xplained/init.o
 .debug_aranges
                0x00000170      0x1a8 src/ASF/sam/drivers/pio/pio.o
 .debug_aranges
                0x00000318       0x80 src/ASF/sam/drivers/pio/pio_handler.o
 .debug_aranges
                0x00000398      0x250 src/ASF/sam/drivers/pmc/pmc.o
 .debug_aranges
                0x000005e8       0xf0 src/ASF/sam/drivers/twihs/twihs.o
 .debug_aranges
                0x000006d8       0xd8 src/ASF/sam/drivers/uart/uart.o
 .debug_aranges
                0x000007b0      0x2c8 src/ASF/sam/drivers/usart/usart.o
 .debug_aranges
                0x00000a78       0x40 src/ASF/sam/utils/cmsis/same70/source/templates/gcc/startup_same70.o
 .debug_aranges
                0x00000ab8       0x30 src/ASF/sam/utils/cmsis/same70/source/templates/system_same70.o
 .debug_aranges
                0x00000ae8       0x60 src/ASF/sam/utils/syscalls/gcc/syscalls.o
 .debug_aranges
                0x00000b48       0xc8 src/main.o

.debug_ranges   0x00000000      0xb98
 .debug_ranges  0x00000000       0x88 src/ASF/common/services/clock/same70/sysclk.o
 .debug_ranges  0x00000088       0x18 src/ASF/common/utils/interrupt/interrupt_sam_nvic.o
 .debug_ranges  0x000000a0       0x10 src/ASF/common/utils/stdio/read.o
 .debug_ranges  0x000000b0       0x10 src/ASF/common/utils/stdio/write.o
 .debug_ranges  0x000000c0       0xd8 src/ASF/sam/boards/same70_xplained/init.o
 .debug_ranges  0x00000198      0x198 src/ASF/sam/drivers/pio/pio.o
 .debug_ranges  0x00000330       0x70 src/ASF/sam/drivers/pio/pio_handler.o
 .debug_ranges  0x000003a0      0x240 src/ASF/sam/drivers/pmc/pmc.o
 .debug_ranges  0x000005e0       0xe0 src/ASF/sam/drivers/twihs/twihs.o
 .debug_ranges  0x000006c0       0xc8 src/ASF/sam/drivers/uart/uart.o
 .debug_ranges  0x00000788      0x2b8 src/ASF/sam/drivers/usart/usart.o
 .debug_ranges  0x00000a40       0x30 src/ASF/sam/utils/cmsis/same70/source/templates/gcc/startup_same70.o
 .debug_ranges  0x00000a70       0x20 src/ASF/sam/utils/cmsis/same70/source/templates/system_same70.o
 .debug_ranges  0x00000a90       0x50 src/ASF/sam/utils/syscalls/gcc/syscalls.o
 .debug_ranges  0x00000ae0       0xb8 src/main.o

.debug_macro    0x00000000     0x7f3e
 .debug_macro   0x00000000      0x6d1 src/ASF/common/services/clock/same70/sysclk.o
 .debug_macro   0x000006d1       0x3a src/ASF/common/services/clock/same70/sysclk.o
 .debug_macro   0x0000070b      0x2b9 src/ASF/common/services/clock/same70/sysclk.o
 .debug_macro   0x000009c4      0x8d6 src/ASF/common/services/clock/same70/sysclk.o
 .debug_macro   0x0000129a       0x70 src/ASF/common/services/clock/same70/sysclk.o
 .debug_macro   0x0000130a       0x64 src/ASF/common/services/clock/same70/sysclk.o
 .debug_macro   0x0000136e       0x5f src/ASF/common/services/clock/same70/sysclk.o
 .debug_macro   0x000013cd       0xac src/ASF/common/services/clock/same70/sysclk.o
 .debug_macro   0x00001479      0x655 src/ASF/common/utils/interrupt/interrupt_sam_nvic.o
 .debug_macro   0x00001ace      0x655 src/ASF/common/utils/stdio/read.o
 .debug_macro   0x00002123      0x655 src/ASF/common/utils/stdio/write.o
 .debug_macro   0x00002778      0x70b src/ASF/sam/boards/same70_xplained/init.o
 .debug_macro   0x00002e83       0x28 src/ASF/sam/boards/same70_xplained/init.o
 .debug_macro   0x00002eab       0x82 src/ASF/sam/boards/same70_xplained/init.o
 .debug_macro   0x00002f2d       0x94 src/ASF/sam/boards/same70_xplained/init.o
 .debug_macro   0x00002fc1      0x66b src/ASF/sam/drivers/pio/pio.o
 .debug_macro   0x0000362c       0x8e src/ASF/sam/drivers/pio/pio.o
 .debug_macro   0x000036ba      0x676 src/ASF/sam/drivers/pio/pio_handler.o
 .debug_macro   0x00003d30      0x66b src/ASF/sam/drivers/pmc/pmc.o
 .debug_macro   0x0000439b       0x6a src/ASF/sam/drivers/pmc/pmc.o
 .debug_macro   0x00004405      0x689 src/ASF/sam/drivers/twihs/twihs.o
 .debug_macro   0x00004a8e       0x46 src/ASF/sam/drivers/twihs/twihs.o
 .debug_macro   0x00004ad4      0x665 src/ASF/sam/drivers/uart/uart.o
 .debug_macro   0x00005139       0x16 src/ASF/sam/drivers/uart/uart.o
 .debug_macro   0x0000514f      0x69b src/ASF/sam/drivers/usart/usart.o
 .debug_macro   0x000057ea       0x34 src/ASF/sam/drivers/usart/usart.o
 .debug_macro   0x0000581e      0x664 src/ASF/sam/utils/cmsis/same70/source/templates/gcc/startup_same70.o
 .debug_macro   0x00005e82       0x10 src/ASF/sam/utils/cmsis/same70/source/templates/gcc/startup_same70.o
 .debug_macro   0x00005e92      0x455 src/ASF/sam/utils/cmsis/same70/source/templates/system_same70.o
 .debug_macro   0x000062e7      0x1d6 src/ASF/sam/utils/syscalls/gcc/syscalls.o
 .debug_macro   0x000064bd       0x97 src/ASF/sam/utils/syscalls/gcc/syscalls.o
 .debug_macro   0x00006554       0xf6 src/ASF/sam/utils/syscalls/gcc/syscalls.o
 .debug_macro   0x0000664a       0x4c src/ASF/sam/utils/syscalls/gcc/syscalls.o
 .debug_macro   0x00006696       0x16 src/ASF/sam/utils/syscalls/gcc/syscalls.o
 .debug_macro   0x000066ac       0x10 src/ASF/sam/utils/syscalls/gcc/syscalls.o
 .debug_macro   0x000066bc       0x10 src/ASF/sam/utils/syscalls/gcc/syscalls.o
 .debug_macro   0x000066cc       0x35 src/ASF/sam/utils/syscalls/gcc/syscalls.o
 .debug_macro   0x00006701      0x122 src/ASF/sam/utils/syscalls/gcc/syscalls.o
 .debug_macro   0x00006823      0x84b src/main.o
 .debug_macro   0x0000706e       0x28 src/main.o
 .debug_macro   0x00007096       0x23 src/main.o
 .debug_macro   0x000070b9       0x40 src/main.o
 .debug_macro   0x000070f9       0x88 src/main.o
 .debug_macro   0x00007181       0x10 src/main.o
 .debug_macro   0x00007191      0x1ce src/main.o
 .debug_macro   0x0000735f       0x16 src/main.o
 .debug_macro   0x00007375       0x1c src/main.o
 .debug_macro   0x00007391       0x4c src/main.o
 .debug_macro   0x000073dd       0x16 src/main.o
 .debug_macro   0x000073f3       0x16 src/main.o
 .debug_macro   0x00007409      0x1ad src/main.o
 .debug_macro   0x000075b6      0x8fa src/main.o
 .debug_macro   0x00007eb0       0x8e src/main.o

.debug_line     0x00000000     0xb47d
 .debug_line    0x00000000      0xc67 src/ASF/common/services/clock/same70/sysclk.o
 .debug_line    0x00000c67      0xa09 src/ASF/common/utils/interrupt/interrupt_sam_nvic.o
 .debug_line    0x00001670      0x9ea src/ASF/common/utils/stdio/read.o
 .debug_line    0x0000205a      0x9e7 src/ASF/common/utils/stdio/write.o
 .debug_line    0x00002a41      0xd8c src/ASF/sam/boards/same70_xplained/init.o
 .debug_line    0x000037cd      0xe17 src/ASF/sam/drivers/pio/pio.o
 .debug_line    0x000045e4      0xb18 src/ASF/sam/drivers/pio/pio_handler.o
 .debug_line    0x000050fc     0x10d5 src/ASF/sam/drivers/pmc/pmc.o
 .debug_line    0x000061d1      0xc8e src/ASF/sam/drivers/twihs/twihs.o
 .debug_line    0x00006e5f      0xb91 src/ASF/sam/drivers/uart/uart.o
 .debug_line    0x000079f0     0x10cd src/ASF/sam/drivers/usart/usart.o
 .debug_line    0x00008abd      0xac0 src/ASF/sam/utils/cmsis/same70/source/templates/gcc/startup_same70.o
 .debug_line    0x0000957d      0x819 src/ASF/sam/utils/cmsis/same70/source/templates/system_same70.o
 .debug_line    0x00009d96      0x413 src/ASF/sam/utils/syscalls/gcc/syscalls.o
 .debug_line    0x0000a1a9     0x12d4 src/main.o

.debug_str      0x00000000    0x8e7bb
 .debug_str     0x00000000    0x857c8 src/ASF/common/services/clock/same70/sysclk.o
                              0x85e89 (size before relaxing)
 .debug_str     0x000857c8       0x94 src/ASF/common/utils/interrupt/interrupt_sam_nvic.o
                              0x81e77 (size before relaxing)
 .debug_str     0x0008585c       0x3f src/ASF/common/utils/stdio/read.o
                              0x81e20 (size before relaxing)
 .debug_str     0x0008589b       0x2e src/ASF/common/utils/stdio/write.o
                              0x81e21 (size before relaxing)
 .debug_str     0x000858c9     0x100f src/ASF/sam/boards/same70_xplained/init.o
                              0x86a5e (size before relaxing)
 .debug_str     0x000868d8      0x5b8 src/ASF/sam/drivers/pio/pio.o
                              0x829cd (size before relaxing)
 .debug_str     0x00086e90      0x44f src/ASF/sam/drivers/pio/pio_handler.o
                              0x82aef (size before relaxing)
 .debug_str     0x000872df      0x649 src/ASF/sam/drivers/pmc/pmc.o
                              0x82b22 (size before relaxing)
 .debug_str     0x00087928      0x5cb src/ASF/sam/drivers/twihs/twihs.o
                              0x8242b (size before relaxing)
 .debug_str     0x00087ef3      0x2fa src/ASF/sam/drivers/uart/uart.o
                              0x82127 (size before relaxing)
 .debug_str     0x000881ed      0xb6a src/ASF/sam/drivers/usart/usart.o
                              0x829bf (size before relaxing)
 .debug_str     0x00088d57      0x6a3 src/ASF/sam/utils/cmsis/same70/source/templates/gcc/startup_same70.o
                              0x82644 (size before relaxing)
 .debug_str     0x000893fa      0x137 src/ASF/sam/utils/cmsis/same70/source/templates/system_same70.o
                              0x727cf (size before relaxing)
 .debug_str     0x00089531      0x774 src/ASF/sam/utils/syscalls/gcc/syscalls.o
                               0x741e (size before relaxing)
 .debug_str     0x00089ca5     0x4b16 src/main.o
                              0x8bad2 (size before relaxing)

.debug_frame    0x00000000     0x470c
 .debug_frame   0x00000000      0x240 src/ASF/common/services/clock/same70/sysclk.o
 .debug_frame   0x00000240       0x58 src/ASF/common/utils/interrupt/interrupt_sam_nvic.o
 .debug_frame   0x00000298       0x34 src/ASF/common/utils/stdio/read.o
 .debug_frame   0x000002cc       0x34 src/ASF/common/utils/stdio/write.o
 .debug_frame   0x00000300      0x19c src/ASF/sam/boards/same70_xplained/init.o
 .debug_frame   0x0000049c      0x7c0 src/ASF/sam/drivers/pio/pio.o
 .debug_frame   0x00000c5c      0x1d0 src/ASF/sam/drivers/pio/pio_handler.o
 .debug_frame   0x00000e2c      0xa58 src/ASF/sam/drivers/pmc/pmc.o
 .debug_frame   0x00001884      0x434 src/ASF/sam/drivers/twihs/twihs.o
 .debug_frame   0x00001cb8      0x3d0 src/ASF/sam/drivers/uart/uart.o
 .debug_frame   0x00002088      0xd4c src/ASF/sam/drivers/usart/usart.o
 .debug_frame   0x00002dd4       0xbc src/ASF/sam/utils/cmsis/same70/source/templates/gcc/startup_same70.o
 .debug_frame   0x00002e90       0x78 src/ASF/sam/utils/cmsis/same70/source/templates/system_same70.o
 .debug_frame   0x00002f08      0x170 src/ASF/sam/utils/syscalls/gcc/syscalls.o
 .debug_frame   0x00003078      0x330 src/main.o
 .debug_frame   0x000033a8       0x2c c:/program files (x86)/atmel/studio/7.0/toolchain/arm/arm-gnu-toolchain/bin/../lib/gcc/arm-none-eabi/6.3.1/../../../../arm-none-eabi/lib/thumb/v7e-m\libc.a(lib_a-init.o)
 .debug_frame   0x000033d4       0x34 c:/program files (x86)/atmel/studio/7.0/toolchain/arm/arm-gnu-toolchain/bin/../lib/gcc/arm-none-eabi/6.3.1/../../../../arm-none-eabi/lib/thumb/v7e-m\libc.a(lib_a-memset.o)
 .debug_frame   0x00003408       0x74 c:/program files (x86)/atmel/studio/7.0/toolchain/arm/arm-gnu-toolchain/bin/../lib/gcc/arm-none-eabi/6.3.1/../../../../arm-none-eabi/lib/thumb/v7e-m\libc.a(lib_a-printf.o)
 .debug_frame   0x0000347c       0x4c c:/program files (x86)/atmel/studio/7.0/toolchain/arm/arm-gnu-toolchain/bin/../lib/gcc/arm-none-eabi/6.3.1/../../../../arm-none-eabi/lib/thumb/v7e-m\libc.a(lib_a-puts.o)
 .debug_frame   0x000034c8       0x20 c:/program files (x86)/atmel/studio/7.0/toolchain/arm/arm-gnu-toolchain/bin/../lib/gcc/arm-none-eabi/6.3.1/../../../../arm-none-eabi/lib/thumb/v7e-m\libc.a(lib_a-setbuf.o)
 .debug_frame   0x000034e8       0x48 c:/program files (x86)/atmel/studio/7.0/toolchain/arm/arm-gnu-toolchain/bin/../lib/gcc/arm-none-eabi/6.3.1/../../../../arm-none-eabi/lib/thumb/v7e-m\libc.a(lib_a-setvbuf.o)
 .debug_frame   0x00003530       0x94 c:/program files (x86)/atmel/studio/7.0/toolchain/arm/arm-gnu-toolchain/bin/../lib/gcc/arm-none-eabi/6.3.1/../../../../arm-none-eabi/lib/thumb/v7e-m\libc.a(lib_a-vfprintf.o)
 .debug_frame   0x000035c4       0x2c c:/program files (x86)/atmel/studio/7.0/toolchain/arm/arm-gnu-toolchain/bin/../lib/gcc/arm-none-eabi/6.3.1/../../../../arm-none-eabi/lib/thumb/v7e-m\libc.a(lib_a-wsetup.o)
 .debug_frame   0x000035f0       0x5c c:/program files (x86)/atmel/studio/7.0/toolchain/arm/arm-gnu-toolchain/bin/../lib/gcc/arm-none-eabi/6.3.1/../../../../arm-none-eabi/lib/thumb/v7e-m\libc.a(lib_a-__call_atexit.o)
 .debug_frame   0x0000364c       0x20 c:/program files (x86)/atmel/studio/7.0/toolchain/arm/arm-gnu-toolchain/bin/../lib/gcc/arm-none-eabi/6.3.1/../../../../arm-none-eabi/lib/thumb/v7e-m\libc.a(lib_a-atexit.o)
 .debug_frame   0x0000366c       0x88 c:/program files (x86)/atmel/studio/7.0/toolchain/arm/arm-gnu-toolchain/bin/../lib/gcc/arm-none-eabi/6.3.1/../../../../arm-none-eabi/lib/thumb/v7e-m\libc.a(lib_a-dtoa.o)
 .debug_frame   0x000036f4       0x5c c:/program files (x86)/atmel/studio/7.0/toolchain/arm/arm-gnu-toolchain/bin/../lib/gcc/arm-none-eabi/6.3.1/../../../../arm-none-eabi/lib/thumb/v7e-m\libc.a(lib_a-fflush.o)
 .debug_frame   0x00003750      0x148 c:/program files (x86)/atmel/studio/7.0/toolchain/arm/arm-gnu-toolchain/bin/../lib/gcc/arm-none-eabi/6.3.1/../../../../arm-none-eabi/lib/thumb/v7e-m\libc.a(lib_a-findfp.o)
 .debug_frame   0x00003898       0x34 c:/program files (x86)/atmel/studio/7.0/toolchain/arm/arm-gnu-toolchain/bin/../lib/gcc/arm-none-eabi/6.3.1/../../../../arm-none-eabi/lib/thumb/v7e-m\libc.a(lib_a-fini.o)
 .debug_frame   0x000038cc       0x74 c:/program files (x86)/atmel/studio/7.0/toolchain/arm/arm-gnu-toolchain/bin/../lib/gcc/arm-none-eabi/6.3.1/../../../../arm-none-eabi/lib/thumb/v7e-m\libc.a(lib_a-freer.o)
 .debug_frame   0x00003940       0x68 c:/program files (x86)/atmel/studio/7.0/toolchain/arm/arm-gnu-toolchain/bin/../lib/gcc/arm-none-eabi/6.3.1/../../../../arm-none-eabi/lib/thumb/v7e-m\libc.a(lib_a-fvwrite.o)
 .debug_frame   0x000039a8       0x54 c:/program files (x86)/atmel/studio/7.0/toolchain/arm/arm-gnu-toolchain/bin/../lib/gcc/arm-none-eabi/6.3.1/../../../../arm-none-eabi/lib/thumb/v7e-m\libc.a(lib_a-fwalk.o)
 .debug_frame   0x000039fc       0x40 c:/program files (x86)/atmel/studio/7.0/toolchain/arm/arm-gnu-toolchain/bin/../lib/gcc/arm-none-eabi/6.3.1/../../../../arm-none-eabi/lib/thumb/v7e-m\libc.a(lib_a-localeconv.o)
 .debug_frame   0x00003a3c       0xb0 c:/program files (x86)/atmel/studio/7.0/toolchain/arm/arm-gnu-toolchain/bin/../lib/gcc/arm-none-eabi/6.3.1/../../../../arm-none-eabi/lib/thumb/v7e-m\libc.a(lib_a-lock.o)
 .debug_frame   0x00003aec       0x68 c:/program files (x86)/atmel/studio/7.0/toolchain/arm/arm-gnu-toolchain/bin/../lib/gcc/arm-none-eabi/6.3.1/../../../../arm-none-eabi/lib/thumb/v7e-m\libc.a(lib_a-makebuf.o)
 .debug_frame   0x00003b54       0x30 c:/program files (x86)/atmel/studio/7.0/toolchain/arm/arm-gnu-toolchain/bin/../lib/gcc/arm-none-eabi/6.3.1/../../../../arm-none-eabi/lib/thumb/v7e-m\libc.a(lib_a-malloc.o)
 .debug_frame   0x00003b84       0x58 c:/program files (x86)/atmel/studio/7.0/toolchain/arm/arm-gnu-toolchain/bin/../lib/gcc/arm-none-eabi/6.3.1/../../../../arm-none-eabi/lib/thumb/v7e-m\libc.a(lib_a-mallocr.o)